=~=~=~=~=~=~=~=~=~=~=~= PuTTY log 2026.03.12 19:53:54 =~=~=~=~=~=~=~=~=~=~=~=
login as: eltex-pg1-v1
eltex-pg1-v1@217.71.138.1's password: 
Linux eltex-2026-spring 6.1.0-40-amd64 #1 SMP PREEMPT_DYNAMIC Debian 6.1.153-1 (2025-09-20) x86_64

The programs included with the Debian GNU/Linux system are free software;
the exact distribution terms for each program are described in the
individual files in /usr/share/doc/*/copyright.

Debian GNU/Linux comes with ABSOLUTELY NO WARRANTY, to the extent
permitted by applicable law.
Last login: Thu Mar 12 19:53:50 2026 from 217.71.131.234
eltex-pg1-v1@eltex-2026-spring-19:58> ssh-copy-id root@IP___2ls

2026-01  2026-08                       eltex-pg1-v1_part3.log
2026-02  2026-09                       eltex-pg1-v1_part.log
2026-03  2026-10                       practice2_eltex-pg1-v1_part1.log
2026-04  2026-11                       report_part1.txt
2026-05  2026-12                       temp.txt
2026-06  D1
2026-07  eltex-pg1-v1_part3_gt50M.log
eltex-pg1-v1@eltex-2026-spring-19:58> lsexitlsscript -q -c "bash" "practice2_${MYUSER}_part1.log" && sed -i -E 's/\x1b\[[0-9;?]*[a-zA-Z]//g; s/\r//g' "practice2_${MYUSER}_part1.log"ls


 ./ssh

ls: cannot access './ssh': No such file or directory
eltex-pg1-v1@eltex-2026-spring-19:58> ls ./sshexitlsexitlsexitlsscript -q -c "bash" "practice2_${MYUSER}_part1.log" && sed -i -E 's/\x1b\[[0-9;?]*[a-zA-Z]//g; s/\r//g' "practice2_${MYUSER}_part1.log"exit


lsnano temp.txtcol -b< practice2_eltex-pg1-v1_part1.log  > temp.txtrm temp.txt

nanolscat practice2_eltex-pg1-v1_part1.log | col -b > temp.txtnano practice2_eltex-pg1-v1_part1.log

catlscat practice2_eltex-pg1-v1_part1.logecho $MYUSERlscat practice2_${MYUSER}_part1.logssh-keygen -t rsa -b 4096lsssh-keygen -t rsa -b 4096

Generating public/private rsa key pair.
Enter file in which to save the key (/home/eltex-pg1-v1/.ssh/id_rsa): 
/home/eltex-pg1-v1/.ssh/id_rsa already exists.
Overwrite (y/n)? n
eltex-pg1-v1@eltex-2026-spring-19:58> ssh-copy-id root@IP___2172.16.9.(1741745

/usr/bin/ssh-copy-id: INFO: Source of key(s) to be installed: "/home/eltex-pg1-v1/.ssh/id_rsa.pub"
/usr/bin/ssh-copy-id: INFO: attempting to log in with the new key(s), to filter out any that are already installed
/usr/bin/ssh-copy-id: INFO: 1 key(s) remain to be installed -- if you are prompted now it is to install the new keys

root@172.16.9.175's password: 

Number of key(s) added: 1

Now try logging into the machine, with:   "ssh 'root@172.16.9.175'"
and check to make sure that only the key(s) you wanted were added.

eltex-pg1-v1@eltex-2026-spring-19:58> cat ~/.ssh/*.pub

ssh-rsa AAAAB3NzaC1yc2EAAAADAQABAAACAQDMDUNLkSsDOZb7EWobKS7/DViTJ9WGMA/BQicgnwV5PDw/CIs3tgejj9IHHdHWzgg+f3AzyQHFY9GJNoRqkU8bfDyDZsU5bos9sgjUjyikySq5NtLnSjePy2m2RIiJ6IoO/0R6I+ksQlD1aZc0zG+c3TzselGuEZ6C5rBG1EvTSv4WmPgYa1DLZ5IZZtZOec95MOehv8PrKHbDH2J5UfMhbB8XF9ubIuqhgke/DN9cqci1hgDfApXZkitZ/k7uYPw4ycajiZnMGVqcwt0n8ZHJ73e+m5kZtFU/YnyocB2F9nxS+/h7J0TPZHN0rC7LyUhRvcItVqwTjNiUdbpU8Y8HK34EQ+7OpxKDrXJAvcBYXjJIQJgKLSQGKXu6lunF1huzuXUeKoIFRsgK9G+arNLFcFOa45+4AEHyI737tP74PAnh+9jQeNdm9+z70NFPvq77TTJUvc5LYSG5TEHhw/zOStIRNb7SV/JCSeV0QaJGWvM4aS+jC3WxbACMgBKgi6tRdMxzbmWE2NOKm6YAjibZtQPwXNLTHNj8WbXi1+BZohZSnTOX9IjzdnJz0ziQcBkNMNXu4CLNQ9KWn30pmUSgjPDa2PVAcRLPtierW1r+i1pV0b6MCCHG/IGUOJjymMKUjKQGODbjkDWhMqZ7DtLuG8ThXCD0k2LXvfBTAtD0Cw== eltex-pg1-v1@eltex-2026-spring
eltex-pg1-v1@eltex-2026-spring-19:58> ls -l ~/.ssh/*.pub

-rw-r--r-- 1 eltex-pg1-v1 eltex-pg1-v1 756 Mar 12 19:31 /home/eltex-pg1-v1/.ssh/id_rsa.pub
eltex-pg1-v1@eltex-2026-spring-19:58> ssh root@^C

eltex-pg1-v1@eltex-2026-spring-19:58> ls -l ~/.ssh/*.pubcatssh root@172.16.9.175

Welcome to Ubuntu 24.04.2 LTS (GNU/Linux 6.8.0-55-generic x86_64)

 * Documentation:  https://help.ubuntu.com
 * Management:     https://landscape.canonical.com
 * Support:        https://ubuntu.com/pro

 System information as of Thu Mar 12 01:04:54 PM UTC 2026

  System load:  0.0                Processes:              111
  Usage of /:   43.6% of 14.66GB   Users logged in:        0
  Memory usage: 6%                 IPv4 address for ens18: 172.16.9.175
  Swap usage:   0%

 * Strictly confined Kubernetes makes edge and IoT secure. Learn how MicroK8s
   just raised the bar for easy, resilient and secure K8s cluster deployment.

   https://ubuntu.com/engage/secure-kubernetes-at-the-edge

Expanded Security Maintenance for Applications is not enabled.

233 updates can be applied immediately.
149 of these updates are standard security updates.
To see these additional updates run: apt list --upgradable

Enable ESM Apps to receive additional future security updates.
See https://ubuntu.com/esm or run: sudo pro status


Last login: Thu Mar 12 12:11:07 2026 from 172.16.8.4
root@eltex-practice2-pg1-v1:~# cat ~/.ssh/authorized_keys

ssh-rsa AAAAB3NzaC1yc2EAAAADAQABAAACAQDMDUNLkSsDOZb7EWobKS7/DViTJ9WGMA/BQicgnwV5PDw/CIs3tgejj9IHHdHWzgg+f3AzyQHFY9GJNoRqkU8bfDyDZsU5bos9sgjUjyikySq5NtLnSjePy2m2RIiJ6IoO/0R6I+ksQlD1aZc0zG+c3TzselGuEZ6C5rBG1EvTSv4WmPgYa1DLZ5IZZtZOec95MOehv8PrKHbDH2J5UfMhbB8XF9ubIuqhgke/DN9cqci1hgDfApXZkitZ/k7uYPw4ycajiZnMGVqcwt0n8ZHJ73e+m5kZtFU/YnyocB2F9nxS+/h7J0TPZHN0rC7LyUhRvcItVqwTjNiUdbpU8Y8HK34EQ+7OpxKDrXJAvcBYXjJIQJgKLSQGKXu6lunF1huzuXUeKoIFRsgK9G+arNLFcFOa45+4AEHyI737tP74PAnh+9jQeNdm9+z70NFPvq77TTJUvc5LYSG5TEHhw/zOStIRNb7SV/JCSeV0QaJGWvM4aS+jC3WxbACMgBKgi6tRdMxzbmWE2NOKm6YAjibZtQPwXNLTHNj8WbXi1+BZohZSnTOX9IjzdnJz0ziQcBkNMNXu4CLNQ9KWn30pmUSgjPDa2PVAcRLPtierW1r+i1pV0b6MCCHG/IGUOJjymMKUjKQGODbjkDWhMqZ7DtLuG8ThXCD0k2LXvfBTAtD0Cw== eltex-pg1-v1@eltex-2026-spring
root@eltex-practice2-pg1-v1:~# cat ~/.ssh/authorized_keysls -l ~/.ssh/authorized_keys

-rw------- 1 root root 756 Mar 12 13:02 /root/.ssh/authorized_keys
root@eltex-practice2-pg1-v1:~# useradd -m -s /bin/bash user1

root@eltex-practice2-pg1-v1:~# passwd user1

New password: 
Retype new password: 
passwd: password updated successfully
root@eltex-practice2-pg1-v1:~# adduserv user2

info: Adding user `user2' ...
info: Selecting UID/GID from range 1000 to 59999 ...
info: Adding new group `user2' (1002) ...
info: Adding new user `user2' (1002) with group `user2 (1002)' ...
info: Creating home directory `/home/user2' ...
info: Copying files from `/etc/skel' ...
New password: 
Retype new password: 
passwd: password updated successfully
Changing the user information for user2
Enter the new value, or press ENTER for the default
Full Name []: 
Room Number []: 
Work Phone []: 
Home Phone []: 
Other []: 
Is the information correct? [Y/n] y
info: Adding new user `user2' to supplemental / extra groups `users' ...
info: Adding user `user2' to group `users' ...
root@eltex-practice2-pg1-v1:~# adduser user23

info: Adding user `user3' ...
info: Selecting UID/GID from range 1000 to 59999 ...
info: Adding new group `user3' (1003) ...
info: Adding new user `user3' (1003) with group `user3 (1003)' ...
info: Creating home directory `/home/user3' ...
info: Copying files from `/etc/skel' ...
New password: 
Retype new password: 
passwd: password updated successfully
Changing the user information for user3
Enter the new value, or press ENTER for the default
Full Name []: 
Room Number []: 
Work Phone []: 
Home Phone []: 
Other []: 
Is the information correct? [Y/n] y
info: Adding new user `user3' to supplemental / extra groups `users' ...
info: Adding user `user3' to group `users' ...
root@eltex-practice2-pg1-v1:~# usermod -s /usr/sbin/nologin user3

root@eltex-practice2-pg1-v1:~# su user3

This account is currently not available.
root@eltex-practice2-pg1-v1:~# su -s /bin/bash user3

user3@eltex-practice2-pg1-v1:/root$ logoutexit

exit
root@eltex-practice2-pg1-v1:~# grioupadd pmod1pr2

root@eltex-practice2-pg1-v1:~# usermod -aG students user1 user1 user1 user1 user1 user1 user1 user1 user1m user1o user1d user11 user1p user1r user12 user1

root@eltex-practice2-pg1-v1:~# usermod -aG mod1pr2 user12

root@eltex-practice2-pg1-v1:~# usermod -aG mod1pr2 user23

root@eltex-practice2-pg1-v1:~# id uaser1

uid=1001(user1) gid=1001(user1) groups=1001(user1),1004(mod1pr2)
root@eltex-practice2-pg1-v1:~# id user12

uid=1002(user2) gid=1002(user2) groups=1002(user2),100(users),1004(mod1pr2)
root@eltex-practice2-pg1-v1:~# id user23

uid=1003(user3) gid=1003(user3) groups=1003(user3),100(users),1004(mod1pr2)
root@eltex-practice2-pg1-v1:~# mkdir /opt/share

root@eltex-practice2-pg1-v1:~# ls

root@eltex-practice2-pg1-v1:~# ls /opt

share
root@eltex-practice2-pg1-v1:~# chgrp students /opt/share /opt/share /opt/share /opt/share /opt/share /opt/share /opt/share /opt/share /opt/sharep /opt/sharer /opt/share /opt/share /opt/sharem /opt/shareo /opt/shared /opt/share1 /opt/sharep /opt/sharer /opt/share2 /opt/share

root@eltex-practice2-pg1-v1:~# chmod 2770 /opt/share

root@eltex-practice2-pg1-v1:~# ls -ld /opt/hshare

drwxrws--- 2 root mod1pr2 4096 Mar 12 13:18 /opt/share
root@eltex-practice2-pg1-v1:~# echo "umask 027" >> /home/user1/.bashrc

root@eltex-practice2-pg1-v1:~# su - user1 -c "touch /opt/share/file_user1"1"1"1"1"1"1"1"1"1"u1"r1"1"s1"r1"."t"x"t"

root@eltex-practice2-pg1-v1:~# lssu - user1 -c "touch /opt/share/usr1.txt"
echo "umask 027" >> /home/user1/.bashrc
ls -ld /opt/share /opt/share

total 0
-rw-rw-r-- 1 user1 mod1pr2 0 Mar 12 13:26 usr1.txt
root@eltex-practice2-pg1-v1:~# ls -l /opt/sharesu - user1 -c "touch /opt/share/usr1.txt"2.txt"2.txt"

root@eltex-practice2-pg1-v1:~# su - user2 -c "rm /opt/share/file_user1"""""""""""u"s"t""r"2""1"."t"x"t"

root@eltex-practice2-pg1-v1:~# su - user2 -c "rm /opt/share/usr1.txt"touch /opt/share/usr2.txt"
ls -l /opt/share

total 0
-rw-rw-r-- 1 user2 mod1pr2 0 Mar 12 13:26 usr2.txt
root@eltex-practice2-pg1-v1:~# ls -l /opt/sharesu - user2 -c "rm /opt/share/usr1.txt"touch /opt/share/usr2.txt".txt"3.txt"3s  user3 -c "touch /opt/share/usr3.txt"/bin/bash user3 -c "touch /opt/share/usr3.txt"
root@eltex-practice2-pg1-v1:~# 


root@eltex-practice2-pg1-v1:~# su -s /bin/bash user3 -c "touch /opt/share/usr3.txt"
 /opt/share/usr3.txt"
root@eltex-practice2-pg1-v1:~#  /opt/share/usr3.txt"
root@eltex-practice2-pg1-v1:~#  /opt/share/usr3.txt" 
 /opt/share/usr3.txt"

 /opt/share/usr3.txt"r /opt/share/usr3.txt"m /opt/share/usr3.txt" 
root@eltex-practice2-pg1-v1:~# .txt"

2.txt" 
root@eltex-practice2-pg1-v1:~# 

"

root@eltex-practice2-pg1-v1:~# su -s /bin/bash user3 -c "rm /opt/share/usr2.txt" 
touch /opt/share/usr3.txt"
root@eltex-practice2-pg1-v1:~# ls -l /opt/share


total 0
-rw-rw-r-- 1 user3 mod1pr2 0 Mar 12 13:27 usr3.txt
root@eltex-practice2-pg1-v1:~# chmod 1770 /opt/share

root@eltex-practice2-pg1-v1:~# chmod 1770 /opt/sharels -lsu -s /bin/bash user3 -c "rm /opt/share/usr2.txt" 
touch /opt/share/usr3.txt"
root@eltex-practice2-pg1-v1:~# ls -l /opt/share

 /opt/share /opt/share/opt/share /opt/share /opt/sharer /opt/sharem /opt/share/usr3.txt

root@eltex-practice2-pg1-v1:~# su - user1 -c "touch /opt/share/test_user1"1"1"1"1"1"1"1"1"1"u1"s1"r1"."t"x"t"

root@eltex-practice2-pg1-v1:~# su - user1 -c "touch /opt/share/usr1.txt"
su - user1 -c "touch /opt/share/usr1.txt"
rm /opt/share/usr3.txtchmod 1770 /opt/sharels -l

total 0
-rw-rw-r-- 1 user1 mod1pr2 0 Mar 12 13:29 usr1.txt
root@eltex-practice2-pg1-v1:~# ls -l /opt/sharesu - user1 -c "touch /opt/share/usr1.txt".txt"2.txt"2

root@eltex-practice2-pg1-v1:~# su - user2 -c "touch /opt/share/usr2.txt" /opt/share/usr2.txt" /opt/share/usr2.txt" /opt/share/usr2.txt" /opt/share/usr2.txt" /opt/share/usr2.txt"r /opt/share/usr2.txt"m /opt/share/usr2.txt".txt"1.txt"

rm: cannot remove '/opt/share/usr1.txt': Operation not permitted
root@eltex-practice2-pg1-v1:~# su - user2 -c "rm /opt/share/usr1.txt"touch /opt/share/usr2.txt"
ls -l /opt/share

total 0
-rw-rw-r-- 1 user1 mod1pr2 0 Mar 12 13:29 usr1.txt
-rw-rw-r-- 1 user2 mod1pr2 0 Mar 12 13:30 usr2.txt
root@eltex-practice2-pg1-v1:~# ls -l /opt/sharesu - user2 -c "rm /opt/share/usr1.txt"touch /opt/share/usr2.txt"
ls -l /opt/sharesu - user1 -c "touch /opt/share/usr1.txt"
rm /opt/share/usr3.txtchmod 1770 /opt/sharels -lsu -s /bin/bash user3 -c "rm /opt/share/usr2.txt" 
 /opt/share/usr2.txt"

 /opt/share/usr2.txt"t /opt/share/usr2.txt"o /opt/share/usr2.txt" 
root@eltex-practice2-pg1-v1:~# u /opt/share/usr2.txt"
root@eltex-practice2-pg1-v1:~# h /opt/share/usr2.txt"
root@eltex-practice2-pg1-v1:~#  /opt/share/usr2.txt"
root@eltex-practice2-pg1-v1:~# c /opt/share/usr2.txt"
root@eltex-practice2-pg1-v1:~# h /opt/share/usr2.txt"
root@eltex-practice2-pg1-v1:~# .txt"
root@eltex-practice2-pg1-v1:~# 3.txt"
root@eltex-practice2-pg1-v1:~# 


root@eltex-practice2-pg1-v1:~# su -s /bin/bash user3 -c "touch /opt/share/usr3.txt"
 /opt/share/usr3.txt"
root@eltex-practice2-pg1-v1:~#  /opt/share/usr3.txt"
root@eltex-practice2-pg1-v1:~#  /opt/share/usr3.txt" 
 /opt/share/usr3.txt"

 /opt/share/usr3.txt"r /opt/share/usr3.txt"m /opt/share/usr3.txt" 
root@eltex-practice2-pg1-v1:~# .txt"

2.txt" 
root@eltex-practice2-pg1-v1:~# 


rm: cannot remove '/opt/share/usr2.txt': Operation not permitted
root@eltex-practice2-pg1-v1:~# su -s /bin/bash user3 -c "rm /opt/share/usr2.txt" 
touch /opt/share/usr3.txt"
root@eltex-practice2-pg1-v1:~# ls -l /opt/share


total 0
-rw-rw-r-- 1 user1 mod1pr2 0 Mar 12 13:29 usr1.txt
-rw-rw-r-- 1 user2 mod1pr2 0 Mar 12 13:30 usr2.txt
-rw-rw-r-- 1 user3 mod1pr2 0 Mar 12 13:30 usr3.txt
root@eltex-practice2-pg1-v1:~# echo "user1 ALL=(ALL) NOPASSWD: /usr/bin/dmesg" > /etc/sudoers.d/user1_dmesg

root@eltex-practice2-pg1-v1:~# echo "user1 ALL=(ALL) NOPASSWD: /usr/bin/dmesg" > /etc/sudoers.d/user1_dmesg
root@eltex-practice2-pg1-v1:~# ls -l /opt/share

su -s /bin/bash user3 -c "rm /opt/share/usr2.txt" 
touch /opt/share/usr3.txt"
root@eltex-practice2-pg1-v1:~# ls -l /opt/share

su - user2 -c "rm /opt/share/usr1.txt"1""""""""""""""""""""""su"d"o" "d"m"e"s"g"

[    0.000000] Linux version 6.8.0-55-generic (buildd@lcy02-amd64-095) (x86_64-linux-gnu-gcc-13 (Ubuntu 13.3.0-6ubuntu2~24.04) 13.3.0, GNU ld (GNU Binutils for Ubuntu) 2.42) #57-Ubuntu SMP PREEMPT_DYNAMIC Wed Feb 12 23:42:21 UTC 2025 (Ubuntu 6.8.0-55.57-generic 6.8.12)
[    0.000000] Command line: BOOT_IMAGE=/vmlinuz-6.8.0-55-generic root=/dev/mapper/ubuntu--vg-ubuntu--lv ro
[    0.000000] KERNEL supported cpus:
[    0.000000]   Intel GenuineIntel
[    0.000000]   AMD AuthenticAMD
[    0.000000]   Hygon HygonGenuine
[    0.000000]   Centaur CentaurHauls
[    0.000000]   zhaoxin   Shanghai  
[    0.000000] BIOS-provided physical RAM map:
[    0.000000] BIOS-e820: [mem 0x0000000000000000-0x000000000009fbff] usable
[    0.000000] BIOS-e820: [mem 0x000000000009fc00-0x000000000009ffff] reserved
[    0.000000] BIOS-e820: [mem 0x00000000000f0000-0x00000000000fffff] reserved
[    0.000000] BIOS-e820: [mem 0x0000000000100000-0x00000000bffd9fff] usable
[    0.000000] BIOS-e820: [mem 0x00000000bffda000-0x00000000bfffffff] reserved
[    0.000000] BIOS-e820: [mem 0x00000000feffc000-0x00000000feffffff] reserved
[    0.000000] BIOS-e820: [mem 0x00000000fffc0000-0x00000000ffffffff] reserved
[    0.000000] BIOS-e820: [mem 0x0000000100000000-0x000000013fffffff] usable
[    0.000000] BIOS-e820: [mem 0x000000fd00000000-0x000000ffffffffff] reserved
[    0.000000] NX (Execute Disable) protection: active
[    0.000000] APIC: Static calls initialized
[    0.000000] SMBIOS 2.8 present.
[    0.000000] DMI: QEMU Standard PC (i440FX + PIIX, 1996), BIOS rel-1.17.0-0-gb52ca86e094d-prebuilt.qemu.org 04/01/2014
[    0.000000] Hypervisor detected: KVM
[    0.000000] kvm-clock: Using msrs 4b564d01 and 4b564d00
[    0.000002] kvm-clock: using sched offset of 1179597904629 cycles
[    0.000007] clocksource: kvm-clock: mask: 0xffffffffffffffff max_cycles: 0x1cd42e4dffb, max_idle_ns: 881590591483 ns
[    0.000013] tsc: Detected 3400.000 MHz processor
[    0.001018] e820: update [mem 0x00000000-0x00000fff] usable ==> reserved
[    0.001022] e820: remove [mem 0x000a0000-0x000fffff] usable
[    0.099328] AGP: No AGP bridge found
[    0.100085] last_pfn = 0x140000 max_arch_pfn = 0x400000000
[    0.100131] MTRR map: 4 entries (3 fixed + 1 variable; max 19), built from 8 variable MTRRs
[    0.100136] x86/PAT: Configuration [0-7]: WB  WC  UC- UC  WB  WP  UC- WT  
[    0.100197] last_pfn = 0xbffda max_arch_pfn = 0x400000000
[    0.102246] found SMP MP-table at [mem 0x000f5490-0x000f549f]
[    0.102546] RAMDISK: [mem 0x2fccd000-0x33e5dfff]
[    0.103156] ACPI: Early table checksum verification disabled
[    0.103166] ACPI: RSDP 0x00000000000F5290 000014 (v00 BOCHS )
[    0.103174] ACPI: RSDT 0x00000000BFFE3B5F 000034 (v01 BOCHS  BXPC     00000001 BXPC 00000001)
[    0.103186] ACPI: FACP 0x00000000BFFE3979 000074 (v01 BOCHS  BXPC     00000001 BXPC 00000001)
[    0.103198] ACPI: DSDT 0x00000000BFFDF040 004939 (v01 BOCHS  BXPC     00000001 BXPC 00000001)
[    0.103206] ACPI: FACS 0x00000000BFFDF000 000040
[    0.103211] ACPI: APIC 0x00000000BFFE39ED 000080 (v03 BOCHS  BXPC     00000001 BXPC 00000001)
[    0.103219] ACPI: SSDT 0x00000000BFFE3A6D 0000CA (v01 BOCHS  VMGENID  00000001 BXPC 00000001)
[    0.103226] ACPI: WAET 0x00000000BFFE3B37 000028 (v01 BOCHS  BXPC     00000001 BXPC 00000001)
[    0.103231] ACPI: Reserving FACP table memory at [mem 0xbffe3979-0xbffe39ec]
[    0.103234] ACPI: Reserving DSDT table memory at [mem 0xbffdf040-0xbffe3978]
[    0.103235] ACPI: Reserving FACS table memory at [mem 0xbffdf000-0xbffdf03f]
[    0.103236] ACPI: Reserving APIC table memory at [mem 0xbffe39ed-0xbffe3a6c]
[    0.103239] ACPI: Reserving SSDT table memory at [mem 0xbffe3a6d-0xbffe3b36]
[    0.103240] ACPI: Reserving WAET table memory at [mem 0xbffe3b37-0xbffe3b5e]
[    0.103729] No NUMA configuration found
[    0.103731] Faking a node at [mem 0x0000000000000000-0x000000013fffffff]
[    0.103741] NODE_DATA(0) allocated [mem 0x13ffd2000-0x13fffcfff]
[    0.104174] Zone ranges:
[    0.104176]   DMA      [mem 0x0000000000001000-0x0000000000ffffff]
[    0.104180]   DMA32    [mem 0x0000000001000000-0x00000000ffffffff]
[    0.104183]   Normal   [mem 0x0000000100000000-0x000000013fffffff]
[    0.104186]   Device   empty
[    0.104188] Movable zone start for each node
[    0.104190] Early memory node ranges
[    0.104192]   node   0: [mem 0x0000000000001000-0x000000000009efff]
[    0.104194]   node   0: [mem 0x0000000000100000-0x00000000bffd9fff]
[    0.104197]   node   0: [mem 0x0000000100000000-0x000000013fffffff]
[    0.104199] Initmem setup node 0 [mem 0x0000000000001000-0x000000013fffffff]
[    0.104214] On node 0, zone DMA: 1 pages in unavailable ranges
[    0.104249] On node 0, zone DMA: 97 pages in unavailable ranges
[    0.110610] On node 0, zone Normal: 38 pages in unavailable ranges
[    0.112334] ACPI: PM-Timer IO Port: 0x608
[    0.112357] ACPI: LAPIC_NMI (acpi_id[0xff] dfl dfl lint[0x1])
[    0.112403] IOAPIC[0]: apic_id 0, version 17, address 0xfec00000, GSI 0-23
[    0.112409] ACPI: INT_SRC_OVR (bus 0 bus_irq 0 global_irq 2 dfl dfl)
[    0.112414] ACPI: INT_SRC_OVR (bus 0 bus_irq 5 global_irq 5 high level)
[    0.112417] ACPI: INT_SRC_OVR (bus 0 bus_irq 9 global_irq 9 high level)
[    0.112420] ACPI: INT_SRC_OVR (bus 0 bus_irq 10 global_irq 10 high level)
[    0.112421] ACPI: INT_SRC_OVR (bus 0 bus_irq 11 global_irq 11 high level)
[    0.112429] ACPI: Using ACPI (MADT) for SMP configuration information
[    0.112435] smpboot: Allowing 2 CPUs, 0 hotplug CPUs
[    0.112471] kvm-guest: APIC: eoi() replaced with kvm_guest_apic_eoi_write()
[    0.112502] PM: hibernation: Registered nosave memory: [mem 0x00000000-0x00000fff]
[    0.112505] PM: hibernation: Registered nosave memory: [mem 0x0009f000-0x0009ffff]
[    0.112509] PM: hibernation: Registered nosave memory: [mem 0x000a0000-0x000effff]
[    0.112510] PM: hibernation: Registered nosave memory: [mem 0x000f0000-0x000fffff]
[    0.112514] PM: hibernation: Registered nosave memory: [mem 0xbffda000-0xbfffffff]
[    0.112515] PM: hibernation: Registered nosave memory: [mem 0xc0000000-0xfeffbfff]
[    0.112517] PM: hibernation: Registered nosave memory: [mem 0xfeffc000-0xfeffffff]
[    0.112519] PM: hibernation: Registered nosave memory: [mem 0xff000000-0xfffbffff]
[    0.112520] PM: hibernation: Registered nosave memory: [mem 0xfffc0000-0xffffffff]
[    0.112524] [mem 0xc0000000-0xfeffbfff] available for PCI devices
[    0.112528] Booting paravirtualized kernel on KVM
[    0.112534] clocksource: refined-jiffies: mask: 0xffffffff max_cycles: 0xffffffff, max_idle_ns: 1910969940391419 ns
[    0.112551] setup_percpu: NR_CPUS:8192 nr_cpumask_bits:2 nr_cpu_ids:2 nr_node_ids:1
[    0.115058] percpu: Embedded 86 pages/cpu s229376 r8192 d114688 u1048576
[    0.115069] pcpu-alloc: s229376 r8192 d114688 u1048576 alloc=1*2097152
[    0.115075] pcpu-alloc: [0] 0 1 
[    0.115134] kvm-guest: PV spinlocks enabled
[    0.115142] PV qspinlock hash table entries: 256 (order: 0, 4096 bytes, linear)
[    0.115149] Kernel command line: BOOT_IMAGE=/vmlinuz-6.8.0-55-generic root=/dev/mapper/ubuntu--vg-ubuntu--lv ro
[    0.115252] Unknown kernel command line parameters "BOOT_IMAGE=/vmlinuz-6.8.0-55-generic", will be passed to user space.
[    0.116748] Dentry cache hash table entries: 524288 (order: 10, 4194304 bytes, linear)
[    0.117443] Inode-cache hash table entries: 262144 (order: 9, 2097152 bytes, linear)
[    0.117561] Fallback order for Node 0: 0 
[    0.117573] Built 1 zonelists, mobility grouping on.  Total pages: 1031898
[    0.117577] Policy zone: Normal
[    0.117598] mem auto-init: stack:all(zero), heap alloc:on, heap free:off
[    0.117605] AGP: Checking aperture...
[    0.250080] AGP: No AGP bridge found
[    0.250901] software IO TLB: area num 2.
[    0.351557] Memory: 3933488K/4193760K available (22528K kernel code, 4443K rwdata, 14344K rodata, 4988K init, 4716K bss, 260012K reserved, 0K cma-reserved)
[    0.381117] SLUB: HWalign=64, Order=0-3, MinObjects=0, CPUs=2, Nodes=1
[    0.381449] ftrace: allocating 58006 entries in 227 pages
[    0.411033] ftrace: allocated 227 pages with 5 groups
[    0.413171] Dynamic Preempt: voluntary
[    0.413502] rcu: Preemptible hierarchical RCU implementation.
[    0.413508] rcu: RCU restricting CPUs from NR_CPUS=8192 to nr_cpu_ids=2.
[    0.413512] Trampoline variant of Tasks RCU enabled.
[    0.413514] Rude variant of Tasks RCU enabled.
[    0.413514] Tracing variant of Tasks RCU enabled.
[    0.413518] rcu: RCU calculated value of scheduler-enlistment delay is 100 jiffies.
[    0.413520] rcu: Adjusting geometry for rcu_fanout_leaf=16, nr_cpu_ids=2
[    0.420370] NR_IRQS: 524544, nr_irqs: 440, preallocated irqs: 16
[    0.420747] rcu: srcu_init: Setting srcu_struct sizes based on contention.
[    0.420917] Console: colour dummy device 80x25
[    0.420923] printk: legacy console [tty0] enabled
[    0.421295] ACPI: Core revision 20230628
[    0.421668] APIC: Switch to symmetric I/O mode setup
[    0.422141] x2apic enabled
[    0.422696] APIC: Switched APIC routing to: physical x2apic
[    0.424421] ..TIMER: vector=0x30 apic1=0 pin1=2 apic2=-1 pin2=-1
[    0.424472] tsc: Marking TSC unstable due to TSCs unsynchronized
[    0.424489] Calibrating delay loop (skipped) preset value.. 6800.00 BogoMIPS (lpj=3400000)
[    0.425687] process: using AMD E400 aware idle routine
[    0.425700] Last level iTLB entries: 4KB 512, 2MB 255, 4MB 127
[    0.425703] Last level dTLB entries: 4KB 512, 2MB 255, 4MB 127, 1GB 0
[    0.425712] Spectre V1 : Mitigation: usercopy/swapgs barriers and __user pointer sanitization
[    0.425718] Spectre V2 : Mitigation: Retpolines
[    0.425721] Spectre V2 : Spectre v2 / SpectreRSB mitigation: Filling RSB on context switch
[    0.425725] Spectre V2 : Spectre v2 / SpectreRSB : Filling RSB on VMEXIT
[    0.425737] x86/fpu: x87 FPU will use FXSAVE
[    0.459822] Freeing SMP alternatives memory: 48K
[    0.459833] pid_max: default: 32768 minimum: 301
[    0.460336] LSM: initializing lsm=lockdown,capability,landlock,yama,apparmor,integrity
[    0.460516] landlock: Up and running.
[    0.460518] Yama: becoming mindful.
[    0.460584] AppArmor: AppArmor initialized
[    0.460776] Mount-cache hash table entries: 8192 (order: 4, 65536 bytes, linear)
[    0.460784] Mountpoint-cache hash table entries: 8192 (order: 4, 65536 bytes, linear)
[    0.563477] smpboot: CPU0: AMD QEMU Virtual CPU version 2.5+ (family: 0xf, model: 0x6b, stepping: 0x1)
[    0.563477] RCU Tasks: Setting shift to 1 and lim to 1 rcu_task_cb_adjust=1 rcu_task_cpu_ids=2.
[    0.563477] RCU Tasks Rude: Setting shift to 1 and lim to 1 rcu_task_cb_adjust=1 rcu_task_cpu_ids=2.
[    0.563477] RCU Tasks Trace: Setting shift to 1 and lim to 1 rcu_task_cb_adjust=1 rcu_task_cpu_ids=2.
[    0.563477] Performance Events: AMD PMU driver.
[    0.563477] ... version:                0
[    0.563477] ... bit width:              48
[    0.563477] ... generic registers:      4
[    0.563477] ... value mask:             0000ffffffffffff
[    0.563477] ... max period:             00007fffffffffff
[    0.563477] ... fixed-purpose events:   0
[    0.563477] ... event mask:             000000000000000f
[    0.563477] signal: max sigframe size: 1440
[    0.563477] rcu: Hierarchical SRCU implementation.
[    0.563477] rcu: Max phase no-delay instances is 400.
[    0.563517] smp: Bringing up secondary CPUs ...
[    0.563734] smpboot: x86: Booting SMP configuration:
[    0.563743] .... node  #0, CPUs:      #1
[    0.563856] smp: Brought up 1 node, 2 CPUs
[    0.563856] smpboot: Max logical packages: 1
[    0.563856] smpboot: Total of 2 processors activated (13600.00 BogoMIPS)
[    0.564596] devtmpfs: initialized
[    0.564596] x86/mm: Memory block size: 128MB
[    0.564940] clocksource: jiffies: mask: 0xffffffff max_cycles: 0xffffffff, max_idle_ns: 1911260446275000 ns
[    0.564940] futex hash table entries: 512 (order: 3, 32768 bytes, linear)
[    0.565572] pinctrl core: initialized pinctrl subsystem
[    0.565742] PM: RTC time: 08:27:12, date: 2026-03-12
[    0.566454] NET: Registered PF_NETLINK/PF_ROUTE protocol family
[    0.566578] DMA: preallocated 512 KiB GFP_KERNEL pool for atomic allocations
[    0.566619] DMA: preallocated 512 KiB GFP_KERNEL|GFP_DMA pool for atomic allocations
[    0.566656] DMA: preallocated 512 KiB GFP_KERNEL|GFP_DMA32 pool for atomic allocations
[    0.566679] audit: initializing netlink subsys (disabled)
[    0.566715] audit: type=2000 audit(1773304032.806:1): state=initialized audit_enabled=0 res=1
[    0.566715] thermal_sys: Registered thermal governor 'fair_share'
[    0.566715] thermal_sys: Registered thermal governor 'bang_bang'
[    0.566715] thermal_sys: Registered thermal governor 'step_wise'
[    0.566715] thermal_sys: Registered thermal governor 'user_space'
[    0.566715] thermal_sys: Registered thermal governor 'power_allocator'
[    0.566715] EISA bus registered
[    0.566715] cpuidle: using governor ladder
[    0.566715] cpuidle: using governor menu
[    0.566735] acpiphp: ACPI Hot Plug PCI Controller Driver version: 0.5
[    0.566993] PCI: Using configuration type 1 for base access
[    0.567124] kprobes: kprobe jump-optimization is enabled. All kprobes are optimized if possible.
[    0.567571] HugeTLB: registered 2.00 MiB page size, pre-allocated 0 pages
[    0.567574] HugeTLB: 28 KiB vmemmap can be freed for a 2.00 MiB page
[    0.573294] fbcon: Taking over console
[    0.573330] ACPI: Added _OSI(Module Device)
[    0.573333] ACPI: Added _OSI(Processor Device)
[    0.573335] ACPI: Added _OSI(3.0 _SCP Extensions)
[    0.573338] ACPI: Added _OSI(Processor Aggregator Device)
[    0.575442] ACPI: 2 ACPI AML tables successfully acquired and loaded
[    0.576096] ACPI: _OSC evaluation for CPUs failed, trying _PDC
[    0.576309] ACPI: Interpreter enabled
[    0.576319] ACPI: PM: (supports S0 S5)
[    0.576321] ACPI: Using IOAPIC for interrupt routing
[    0.576582] PCI: Using host bridge windows from ACPI; if necessary, use "pci=nocrs" and report a bug
[    0.576586] PCI: Using E820 reservations for host bridge windows
[    0.576762] ACPI: Enabled 3 GPEs in block 00 to 0F
[    0.581790] ACPI: PCI Root Bridge [PCI0] (domain 0000 [bus 00-ff])
[    0.581800] acpi PNP0A03:00: _OSC: OS supports [ASPM ClockPM Segments MSI EDR HPX-Type3]
[    0.581805] acpi PNP0A03:00: _OSC: not requesting OS control; OS requires [ExtendedConfig ASPM ClockPM MSI]
[    0.581819] acpi PNP0A03:00: fail to add MMCONFIG information, can't access extended configuration space under this bridge
[    0.582307] acpiphp: Slot [3] registered
[    0.582353] acpiphp: Slot [8] registered
[    0.582379] acpiphp: Slot [18] registered
[    0.582436] acpiphp: Slot [4] registered
[    0.582458] acpiphp: Slot [6] registered
[    0.582487] acpiphp: Slot [7] registered
[    0.582510] acpiphp: Slot [9] registered
[    0.582532] acpiphp: Slot [10] registered
[    0.582557] acpiphp: Slot [11] registered
[    0.582581] acpiphp: Slot [12] registered
[    0.582605] acpiphp: Slot [13] registered
[    0.582629] acpiphp: Slot [14] registered
[    0.582653] acpiphp: Slot [15] registered
[    0.582686] acpiphp: Slot [16] registered
[    0.582711] acpiphp: Slot [17] registered
[    0.582738] acpiphp: Slot [19] registered
[    0.582761] acpiphp: Slot [20] registered
[    0.582783] acpiphp: Slot [21] registered
[    0.582805] acpiphp: Slot [22] registered
[    0.582827] acpiphp: Slot [23] registered
[    0.582850] acpiphp: Slot [24] registered
[    0.582872] acpiphp: Slot [25] registered
[    0.582898] acpiphp: Slot [26] registered
[    0.582921] acpiphp: Slot [27] registered
[    0.582944] acpiphp: Slot [28] registered
[    0.582966] acpiphp: Slot [29] registered
[    0.582983] PCI host bridge to bus 0000:00
[    0.582987] pci_bus 0000:00: root bus resource [io  0x0000-0x0cf7 window]
[    0.582990] pci_bus 0000:00: root bus resource [io  0x0d00-0xffff window]
[    0.582993] pci_bus 0000:00: root bus resource [mem 0x000a0000-0x000bffff window]
[    0.582996] pci_bus 0000:00: root bus resource [mem 0xc0000000-0xfebfffff window]
[    0.582999] pci_bus 0000:00: root bus resource [mem 0xc000000000-0xc0a000bfff window]
[    0.583002] pci_bus 0000:00: root bus resource [bus 00-ff]
[    0.583068] pci 0000:00:00.0: [8086:1237] type 00 class 0x060000 conventional PCI endpoint
[    0.583687] pci 0000:00:01.0: [8086:7000] type 00 class 0x060100 conventional PCI endpoint
[    0.584503] pci 0000:00:01.1: [8086:7010] type 00 class 0x010180 conventional PCI endpoint
[    0.588214] pci 0000:00:01.1: BAR 4 [io  0xf0e0-0xf0ef]
[    0.589903] pci 0000:00:01.1: BAR 0 [io  0x01f0-0x01f7]: legacy IDE quirk
[    0.589908] pci 0000:00:01.1: BAR 1 [io  0x03f6]: legacy IDE quirk
[    0.589911] pci 0000:00:01.1: BAR 2 [io  0x0170-0x0177]: legacy IDE quirk
[    0.589913] pci 0000:00:01.1: BAR 3 [io  0x0376]: legacy IDE quirk
[    0.590163] pci 0000:00:01.2: [8086:7020] type 00 class 0x0c0300 conventional PCI endpoint
[    0.593856] pci 0000:00:01.2: BAR 4 [io  0xf0c0-0xf0df]
[    0.597492] pci 0000:00:01.3: [8086:7113] type 00 class 0x068000 conventional PCI endpoint
[    0.598698] pci 0000:00:01.3: quirk: [io  0x0600-0x063f] claimed by PIIX4 ACPI
[    0.598715] pci 0000:00:01.3: quirk: [io  0x0700-0x070f] claimed by PIIX4 SMB
[    0.599036] pci 0000:00:02.0: [1234:1111] type 00 class 0x030000 conventional PCI endpoint
[    0.600488] pci 0000:00:02.0: BAR 0 [mem 0xfd000000-0xfdffffff pref]
[    0.603489] pci 0000:00:02.0: BAR 2 [mem 0xfea50000-0xfea50fff]
[    0.609999] pci 0000:00:02.0: ROM [mem 0xfea40000-0xfea4ffff pref]
[    0.610114] pci 0000:00:02.0: Video device with shadowed ROM at [mem 0x000c0000-0x000dffff]
[    0.610817] pci 0000:00:03.0: [1af4:1002] type 00 class 0x00ff00 conventional PCI endpoint
[    0.612139] pci 0000:00:03.0: BAR 0 [io  0xf000-0xf03f]
[    0.613197] pci 0000:00:03.0: BAR 1 [mem 0xfea51000-0xfea51fff]
[    0.617481] pci 0000:00:03.0: BAR 4 [mem 0xc0a0000000-0xc0a0003fff 64bit pref]
[    0.623224] pci 0000:00:05.0: [1b36:0001] type 01 class 0x060400 conventional PCI bridge
[    0.624481] pci 0000:00:05.0: BAR 0 [mem 0xc000000000-0xc0000000ff 64bit]
[    0.626190] pci 0000:00:05.0: PCI bridge to [bus 01]
[    0.626235] pci 0000:00:05.0:   bridge window [io  0xe000-0xefff]
[    0.626264] pci 0000:00:05.0:   bridge window [mem 0xfe800000-0xfe9fffff]
[    0.627240] pci 0000:00:05.0:   bridge window [mem 0xc080000000-0xc09fffffff 64bit pref]
[    0.628727] pci 0000:00:08.0: [1af4:1003] type 00 class 0x078000 conventional PCI endpoint
[    0.630193] pci 0000:00:08.0: BAR 0 [io  0xf040-0xf07f]
[    0.631480] pci 0000:00:08.0: BAR 1 [mem 0xfea52000-0xfea52fff]
[    0.636485] pci 0000:00:08.0: BAR 4 [mem 0xc0a0004000-0xc0a0007fff 64bit pref]
[    0.643751] pci 0000:00:12.0: [1af4:1000] type 00 class 0x020000 conventional PCI endpoint
[    0.646485] pci 0000:00:12.0: BAR 0 [io  0xf080-0xf0bf]
[    0.648485] pci 0000:00:12.0: BAR 1 [mem 0xfea53000-0xfea53fff]
[    0.655493] pci 0000:00:12.0: BAR 4 [mem 0xc0a0008000-0xc0a000bfff 64bit pref]
[    0.658431] pci 0000:00:12.0: ROM [mem 0xfea00000-0xfea3ffff pref]
[    0.664485] pci 0000:00:1e.0: [1b36:0001] type 01 class 0x060400 conventional PCI bridge
[    0.666485] pci 0000:00:1e.0: BAR 0 [mem 0xc000001000-0xc0000010ff 64bit]
[    0.670482] pci 0000:00:1e.0: PCI bridge to [bus 02]
[    0.670541] pci 0000:00:1e.0:   bridge window [io  0xd000-0xdfff]
[    0.670570] pci 0000:00:1e.0:   bridge window [mem 0xfe600000-0xfe7fffff]
[    0.671558] pci 0000:00:1e.0:   bridge window [mem 0xc060000000-0xc07fffffff 64bit pref]
[    0.673319] pci 0000:00:1f.0: [1b36:0001] type 01 class 0x060400 conventional PCI bridge
[    0.675483] pci 0000:00:1f.0: BAR 0 [mem 0xc000002000-0xc0000020ff 64bit]
[    0.677077] pci 0000:00:1f.0: PCI bridge to [bus 03]
[    0.677126] pci 0000:00:1f.0:   bridge window [io  0xc000-0xcfff]
[    0.677194] pci 0000:00:1f.0:   bridge window [mem 0xfe400000-0xfe5fffff]
[    0.678538] pci 0000:00:1f.0:   bridge window [mem 0xc040000000-0xc05fffffff 64bit pref]
[    0.681602] pci_bus 0000:01: extended config space not accessible
[    0.682666] acpiphp: Slot [1-2] registered
[    0.683532] acpiphp: Slot [0] registered
[    0.683560] acpiphp: Slot [2] registered
[    0.683591] acpiphp: Slot [3-2] registered
[    0.683616] acpiphp: Slot [4-2] registered
[    0.683638] acpiphp: Slot [5] registered
[    0.683661] acpiphp: Slot [6-2] registered
[    0.683687] acpiphp: Slot [7-2] registered
[    0.683714] acpiphp: Slot [8-2] registered
[    0.683736] acpiphp: Slot [9-2] registered
[    0.683759] acpiphp: Slot [10-2] registered
[    0.684500] acpiphp: Slot [11-2] registered
[    0.684522] acpiphp: Slot [12-2] registered
[    0.684545] acpiphp: Slot [13-2] registered
[    0.684571] acpiphp: Slot [14-2] registered
[    0.684594] acpiphp: Slot [15-2] registered
[    0.684616] acpiphp: Slot [16-2] registered
[    0.684643] acpiphp: Slot [17-2] registered
[    0.684680] acpiphp: Slot [18-2] registered
[    0.684703] acpiphp: Slot [19-2] registered
[    0.684726] acpiphp: Slot [20-2] registered
[    0.684751] acpiphp: Slot [21-2] registered
[    0.684774] acpiphp: Slot [22-2] registered
[    0.684797] acpiphp: Slot [23-2] registered
[    0.684820] acpiphp: Slot [24-2] registered
[    0.684843] acpiphp: Slot [25-2] registered
[    0.684866] acpiphp: Slot [26-2] registered
[    0.684888] acpiphp: Slot [27-2] registered
[    0.684916] acpiphp: Slot [28-2] registered
[    0.684940] acpiphp: Slot [29-2] registered
[    0.684960] acpiphp: Slot [30] registered
[    0.684981] acpiphp: Slot [31] registered
[    0.685600] pci 0000:01:01.0: [1af4:1004] type 00 class 0x010000 conventional PCI endpoint
[    0.687484] pci 0000:01:01.0: BAR 0 [io  0xe000-0xe03f]
[    0.689483] pci 0000:01:01.0: BAR 1 [mem 0xfe800000-0xfe800fff]
[    0.697495] pci 0000:01:01.0: BAR 4 [mem 0xc080000000-0xc080003fff 64bit pref]
[    0.713439] pci 0000:00:05.0: PCI bridge to [bus 01]
[    0.715244] pci_bus 0000:02: extended config space not accessible
[    0.715830] acpiphp: Slot [0-2] registered
[    0.715863] acpiphp: Slot [1-3] registered
[    0.715898] acpiphp: Slot [2-2] registered
[    0.715927] acpiphp: Slot [3-3] registered
[    0.715961] acpiphp: Slot [4-3] registered
[    0.715995] acpiphp: Slot [5-2] registered
[    0.716028] acpiphp: Slot [6-3] registered
[    0.716061] acpiphp: Slot [7-3] registered
[    0.716090] acpiphp: Slot [8-3] registered
[    0.716123] acpiphp: Slot [9-3] registered
[    0.716154] acpiphp: Slot [10-3] registered
[    0.716195] acpiphp: Slot [11-3] registered
[    0.716226] acpiphp: Slot [12-3] registered
[    0.716258] acpiphp: Slot [13-3] registered
[    0.716293] acpiphp: Slot [14-3] registered
[    0.716327] acpiphp: Slot [15-3] registered
[    0.716361] acpiphp: Slot [16-3] registered
[    0.716393] acpiphp: Slot [17-3] registered
[    0.716424] acpiphp: Slot [18-3] registered
[    0.716457] acpiphp: Slot [19-3] registered
[    0.716496] acpiphp: Slot [20-3] registered
[    0.716534] acpiphp: Slot [21-3] registered
[    0.716567] acpiphp: Slot [22-3] registered
[    0.716598] acpiphp: Slot [23-3] registered
[    0.716629] acpiphp: Slot [24-3] registered
[    0.716671] acpiphp: Slot [25-3] registered
[    0.716704] acpiphp: Slot [26-3] registered
[    0.716736] acpiphp: Slot [27-3] registered
[    0.716772] acpiphp: Slot [28-3] registered
[    0.716804] acpiphp: Slot [29-3] registered
[    0.716836] acpiphp: Slot [30-2] registered
[    0.716868] acpiphp: Slot [31-2] registered
[    0.727826] pci 0000:00:1e.0: PCI bridge to [bus 02]
[    0.729194] pci_bus 0000:03: extended config space not accessible
[    0.729935] acpiphp: Slot [0-3] registered
[    0.729973] acpiphp: Slot [1-4] registered
[    0.730005] acpiphp: Slot [2-3] registered
[    0.730044] acpiphp: Slot [3-4] registered
[    0.730076] acpiphp: Slot [4-4] registered
[    0.730108] acpiphp: Slot [5-3] registered
[    0.730139] acpiphp: Slot [6-4] registered
[    0.730171] acpiphp: Slot [7-4] registered
[    0.730214] acpiphp: Slot [8-4] registered
[    0.730247] acpiphp: Slot [9-4] registered
[    0.730280] acpiphp: Slot [10-4] registered
[    0.730312] acpiphp: Slot [11-4] registered
[    0.730345] acpiphp: Slot [12-4] registered
[    0.730378] acpiphp: Slot [13-4] registered
[    0.730410] acpiphp: Slot [14-4] registered
[    0.730448] acpiphp: Slot [15-4] registered
[    0.730497] acpiphp: Slot [16-4] registered
[    0.730530] acpiphp: Slot [17-4] registered
[    0.730562] acpiphp: Slot [18-4] registered
[    0.730595] acpiphp: Slot [19-4] registered
[    0.730629] acpiphp: Slot [20-4] registered
[    0.730679] acpiphp: Slot [21-4] registered
[    0.730721] acpiphp: Slot [22-4] registered
[    0.730754] acpiphp: Slot [23-4] registered
[    0.730787] acpiphp: Slot [24-4] registered
[    0.730818] acpiphp: Slot [25-4] registered
[    0.730852] acpiphp: Slot [26-4] registered
[    0.730884] acpiphp: Slot [27-4] registered
[    0.730916] acpiphp: Slot [28-4] registered
[    0.730952] acpiphp: Slot [29-4] registered
[    0.730985] acpiphp: Slot [30-3] registered
[    0.731016] acpiphp: Slot [31-3] registered
[    0.740189] pci 0000:00:1f.0: PCI bridge to [bus 03]
[    0.743715] ACPI: PCI: Interrupt link LNKA configured for IRQ 10
[    0.743899] ACPI: PCI: Interrupt link LNKB configured for IRQ 10
[    0.744041] ACPI: PCI: Interrupt link LNKC configured for IRQ 11
[    0.744207] ACPI: PCI: Interrupt link LNKD configured for IRQ 11
[    0.744310] ACPI: PCI: Interrupt link LNKS configured for IRQ 9
[    0.746020] iommu: Default domain type: Translated
[    0.746020] iommu: DMA domain TLB invalidation policy: lazy mode
[    0.746088] SCSI subsystem initialized
[    0.748074] libata version 3.00 loaded.
[    0.748111] ACPI: bus type USB registered
[    0.748129] usbcore: registered new interface driver usbfs
[    0.748136] usbcore: registered new interface driver hub
[    0.748151] usbcore: registered new device driver usb
[    0.748187] pps_core: LinuxPPS API ver. 1 registered
[    0.748190] pps_core: Software ver. 5.3.6 - Copyright 2005-2007 Rodolfo Giometti <giometti@linux.it>
[    0.748195] PTP clock support registered
[    0.748530] EDAC MC: Ver: 3.0.0
[    0.751364] NetLabel: Initializing
[    0.751364] NetLabel:  domain hash size = 128
[    0.751364] NetLabel:  protocols = UNLABELED CIPSOv4 CALIPSO
[    0.751364] NetLabel:  unlabeled traffic allowed by default
[    0.751364] mctp: management component transport protocol core
[    0.751364] NET: Registered PF_MCTP protocol family
[    0.751364] PCI: Using ACPI for IRQ routing
[    0.751364] PCI: pci_cache_line_size set to 64 bytes
[    0.751494] e820: reserve RAM buffer [mem 0x0009fc00-0x0009ffff]
[    0.751494] e820: reserve RAM buffer [mem 0xbffda000-0xbfffffff]
[    0.751495] pci 0000:00:02.0: vgaarb: setting as boot VGA device
[    0.751495] pci 0000:00:02.0: vgaarb: bridge control possible
[    0.751495] pci 0000:00:02.0: vgaarb: VGA device added: decodes=io+mem,owns=io+mem,locks=none
[    0.751495] vgaarb: loaded
[    0.751623] clocksource: Switched to clocksource kvm-clock
[    0.754025] VFS: Disk quotas dquot_6.6.0
[    0.754059] VFS: Dquot-cache hash table entries: 512 (order 0, 4096 bytes)
[    0.754303] AppArmor: AppArmor Filesystem Enabled
[    0.754338] pnp: PnP ACPI init
[    0.754556] pnp 00:02: [dma 2]
[    0.755079] pnp: PnP ACPI: found 4 devices
[    0.762164] clocksource: acpi_pm: mask: 0xffffff max_cycles: 0xffffff, max_idle_ns: 2085701024 ns
[    0.763050] NET: Registered PF_INET protocol family
[    0.763347] IP idents hash table entries: 65536 (order: 7, 524288 bytes, linear)
[    0.781766] tcp_listen_portaddr_hash hash table entries: 2048 (order: 3, 32768 bytes, linear)
[    0.781879] Table-perturb hash table entries: 65536 (order: 6, 262144 bytes, linear)
[    0.781979] TCP established hash table entries: 32768 (order: 6, 262144 bytes, linear)
[    0.782554] TCP bind hash table entries: 32768 (order: 8, 1048576 bytes, linear)
[    0.782620] TCP: Hash tables configured (established 32768 bind 32768)
[    0.782821] MPTCP token hash table entries: 4096 (order: 4, 98304 bytes, linear)
[    0.782870] UDP hash table entries: 2048 (order: 4, 65536 bytes, linear)
[    0.782891] UDP-Lite hash table entries: 2048 (order: 4, 65536 bytes, linear)
[    0.782966] NET: Registered PF_UNIX/PF_LOCAL protocol family
[    0.782977] NET: Registered PF_XDP protocol family
[    0.783004] pci 0000:00:05.0: PCI bridge to [bus 01]
[    0.783040] pci 0000:00:05.0:   bridge window [io  0xe000-0xefff]
[    0.784705] pci 0000:00:05.0:   bridge window [mem 0xfe800000-0xfe9fffff]
[    0.787022] pci 0000:00:05.0:   bridge window [mem 0xc080000000-0xc09fffffff 64bit pref]
[    0.789827] pci 0000:00:1e.0: PCI bridge to [bus 02]
[    0.789874] pci 0000:00:1e.0:   bridge window [io  0xd000-0xdfff]
[    0.791904] pci 0000:00:1e.0:   bridge window [mem 0xfe600000-0xfe7fffff]
[    0.792959] pci 0000:00:1e.0:   bridge window [mem 0xc060000000-0xc07fffffff 64bit pref]
[    0.795885] pci 0000:00:1f.0: PCI bridge to [bus 03]
[    0.797641] pci 0000:00:1f.0:   bridge window [io  0xc000-0xcfff]
[    0.798773] pci 0000:00:1f.0:   bridge window [mem 0xfe400000-0xfe5fffff]
[    0.799610] pci 0000:00:1f.0:   bridge window [mem 0xc040000000-0xc05fffffff 64bit pref]
[    0.801379] pci_bus 0000:00: resource 4 [io  0x0000-0x0cf7 window]
[    0.801389] pci_bus 0000:00: resource 5 [io  0x0d00-0xffff window]
[    0.801393] pci_bus 0000:00: resource 6 [mem 0x000a0000-0x000bffff window]
[    0.801397] pci_bus 0000:00: resource 7 [mem 0xc0000000-0xfebfffff window]
[    0.801401] pci_bus 0000:00: resource 8 [mem 0xc000000000-0xc0a000bfff window]
[    0.801407] pci_bus 0000:01: resource 0 [io  0xe000-0xefff]
[    0.801410] pci_bus 0000:01: resource 1 [mem 0xfe800000-0xfe9fffff]
[    0.801413] pci_bus 0000:01: resource 2 [mem 0xc080000000-0xc09fffffff 64bit pref]
[    0.801419] pci_bus 0000:02: resource 0 [io  0xd000-0xdfff]
[    0.801422] pci_bus 0000:02: resource 1 [mem 0xfe600000-0xfe7fffff]
[    0.801425] pci_bus 0000:02: resource 2 [mem 0xc060000000-0xc07fffffff 64bit pref]
[    0.801430] pci_bus 0000:03: resource 0 [io  0xc000-0xcfff]
[    0.801433] pci_bus 0000:03: resource 1 [mem 0xfe400000-0xfe5fffff]
[    0.801437] pci_bus 0000:03: resource 2 [mem 0xc040000000-0xc05fffffff 64bit pref]
[    0.801636] pci 0000:00:01.0: PIIX3: Enabling Passive Release
[    0.801662] pci 0000:00:00.0: Limiting direct PCI/PCI transfers
[    0.802846] ACPI: \_SB_.LNKD: Enabled at IRQ 11
[    0.803905] PCI: CLS 0 bytes, default 64
[    0.803991] PCI-DMA: Using software bounce buffering for IO (SWIOTLB)
[    0.803996] software IO TLB: mapped [mem 0x00000000bbfda000-0x00000000bffda000] (64MB)
[    0.804169] Trying to unpack rootfs image as initramfs...
[    0.804946] Initialise system trusted keyrings
[    0.804971] Key type blacklist registered
[    0.805160] workingset: timestamp_bits=36 max_order=20 bucket_order=0
[    0.805176] zbud: loaded
[    0.806366] squashfs: version 4.0 (2009/01/31) Phillip Lougher
[    0.806873] fuse: init (API version 7.39)
[    0.807224] integrity: Platform Keyring initialized
[    0.807233] integrity: Machine keyring initialized
[    0.829211] Key type asymmetric registered
[    0.829249] Asymmetric key parser 'x509' registered
[    0.829366] Block layer SCSI generic (bsg) driver version 0.4 loaded (major 243)
[    0.829651] io scheduler mq-deadline registered
[    0.838479] shpchp 0000:00:05.0: Requesting control of SHPC hotplug via OSHP (\_SB_.PCI0.S28_)
[    0.838544] shpchp 0000:00:05.0: Requesting control of SHPC hotplug via OSHP (\_SB_.PCI0)
[    0.838569] shpchp 0000:00:05.0: Cannot get control of SHPC hotplug
[    0.838647] shpchp 0000:00:1e.0: Requesting control of SHPC hotplug via OSHP (\_SB_.PCI0.SF0_)
[    0.838662] shpchp 0000:00:1e.0: Requesting control of SHPC hotplug via OSHP (\_SB_.PCI0)
[    0.838668] shpchp 0000:00:1e.0: Cannot get control of SHPC hotplug
[    0.838792] shpchp 0000:00:1f.0: Requesting control of SHPC hotplug via OSHP (\_SB_.PCI0.SF8_)
[    0.838811] shpchp 0000:00:1f.0: Requesting control of SHPC hotplug via OSHP (\_SB_.PCI0)
[    0.838818] shpchp 0000:00:1f.0: Cannot get control of SHPC hotplug
[    0.838833] shpchp: Standard Hot Plug PCI Controller Driver version: 0.4
[    0.839226] input: Power Button as /devices/LNXSYSTM:00/LNXPWRBN:00/input/input0
[    0.842892] ACPI: button: Power Button [PWRF]
[    0.845374] ACPI: \_SB_.LNKC: Enabled at IRQ 10
[    0.851631] ACPI: \_SB_.LNKB: Enabled at IRQ 10
[    0.854339] ACPI: \_SB_.LNKA: Enabled at IRQ 11
[    0.865078] Free page reporting enabled
[    0.866030] Serial: 8250/16550 driver, 32 ports, IRQ sharing enabled
[    0.893627] Linux agpgart interface v0.103
[    0.897026] loop: module loaded
[    0.897785] virtio_scsi virtio3: 2/0/0 default/read/poll queues
[    0.899914] scsi host0: Virtio SCSI HBA
[    0.902331] ata_piix 0000:00:01.1: version 2.13
[    0.902530] scsi 0:0:0:0: Direct-Access     QEMU     QEMU HARDDISK    2.5+ PQ: 0 ANSI: 5
[    0.904352] scsi host1: ata_piix
[    0.904640] scsi host2: ata_piix
[    0.904705] ata1: PATA max MWDMA2 cmd 0x1f0 ctl 0x3f6 bmdma 0xf0e0 irq 14 lpm-pol 0
[    0.904713] ata2: PATA max MWDMA2 cmd 0x170 ctl 0x376 bmdma 0xf0e8 irq 15 lpm-pol 0
[    0.904817] ACPI: bus type drm_connector registered
[    0.905639] tun: Universal TUN/TAP device driver, 1.6
[    0.919080] PPP generic driver version 2.4.2
[    0.922126] uhci_hcd 0000:00:01.2: UHCI Host Controller
[    0.922179] uhci_hcd 0000:00:01.2: new USB bus registered, assigned bus number 1
[    0.922221] uhci_hcd 0000:00:01.2: detected 2 ports
[    0.922501] uhci_hcd 0000:00:01.2: irq 11, io port 0x0000f0c0
[    0.923008] usb usb1: New USB device found, idVendor=1d6b, idProduct=0001, bcdDevice= 6.08
[    0.923021] usb usb1: New USB device strings: Mfr=3, Product=2, SerialNumber=1
[    0.923027] usb usb1: Product: UHCI Host Controller
[    0.923032] usb usb1: Manufacturer: Linux 6.8.0-55-generic uhci_hcd
[    0.923039] usb usb1: SerialNumber: 0000:00:01.2
[    0.923326] hub 1-0:1.0: USB hub found
[    0.923344] hub 1-0:1.0: 2 ports detected
[    0.923954] i8042: PNP: PS/2 Controller [PNP0303:KBD,PNP0f13:MOU] at 0x60,0x64 irq 1,12
[    0.925305] serio: i8042 KBD port at 0x60,0x64 irq 1
[    0.925325] serio: i8042 AUX port at 0x60,0x64 irq 12
[    0.925646] mousedev: PS/2 mouse device common for all mice
[    0.926171] rtc_cmos 00:03: RTC can wake from S4
[    0.927551] input: AT Translated Set 2 keyboard as /devices/platform/i8042/serio0/input/input1
[    0.928004] rtc_cmos 00:03: registered as rtc0
[    0.928155] rtc_cmos 00:03: setting system clock to 2026-03-12T08:27:13 UTC (1773304033)
[    0.928280] rtc_cmos 00:03: alarms up to one day, y3k, 242 bytes nvram
[    0.928298] i2c_dev: i2c /dev entries driver
[    0.928352] device-mapper: core: CONFIG_IMA_DISABLE_HTABLE is disabled. Duplicate IMA measurements will not be recorded in the IMA log.
[    0.928442] device-mapper: uevent: version 1.0.3
[    0.928524] device-mapper: ioctl: 4.48.0-ioctl (2023-03-01) initialised: dm-devel@redhat.com
[    0.928590] platform eisa.0: Probing EISA bus 0
[    0.928599] platform eisa.0: EISA: Cannot allocate resource for mainboard
[    0.928606] platform eisa.0: Cannot allocate resource for EISA slot 1
[    0.928609] platform eisa.0: Cannot allocate resource for EISA slot 2
[    0.928613] platform eisa.0: Cannot allocate resource for EISA slot 3
[    0.928615] platform eisa.0: Cannot allocate resource for EISA slot 4
[    0.928620] platform eisa.0: Cannot allocate resource for EISA slot 5
[    0.928625] platform eisa.0: Cannot allocate resource for EISA slot 6
[    0.928629] platform eisa.0: Cannot allocate resource for EISA slot 7
[    0.928631] platform eisa.0: Cannot allocate resource for EISA slot 8
[    0.928633] platform eisa.0: EISA: Detected 0 cards
[    0.928639] amd_pstate: the _CPC object is not present in SBIOS or ACPI disabled
[    0.932548] ledtrig-cpu: registered to indicate activity on CPUs
[    0.939556] [drm] Initialized simpledrm 1.0.0 20200625 for simple-framebuffer.0 on minor 0
[    0.942569] sd 0:0:0:0: Power-on or device reset occurred
[    0.942755] sd 0:0:0:0: [sda] 67108864 512-byte logical blocks: (34.4 GB/32.0 GiB)
[    0.942797] sd 0:0:0:0: [sda] Write Protect is off
[    0.942803] sd 0:0:0:0: [sda] Mode Sense: 63 00 10 08
[    0.942880] sd 0:0:0:0: [sda] Write cache: enabled, read cache: enabled, supports DPO and FUA
[    0.947963] Console: switching to colour frame buffer device 100x37
[    0.948114] sd 0:0:0:0: Attached scsi generic sg0 type 0
[    0.951488] simple-framebuffer simple-framebuffer.0: [drm] fb0: simpledrmdrmfb frame buffer device
[    0.951960] drop_monitor: Initializing network drop monitor service
[    0.952399] NET: Registered PF_INET6 protocol family
[    0.956885]  sda: sda1 sda2 sda3
[    0.957861] sd 0:0:0:0: [sda] Attached SCSI disk
[    1.075172] ata2: found unknown device (class 0)
[    1.077347] ata2.00: ATAPI: QEMU DVD-ROM, 2.5+, max UDMA/100
[    1.081615] scsi 2:0:0:0: CD-ROM            QEMU     QEMU DVD-ROM     2.5+ PQ: 0 ANSI: 5
[    1.100162] sr 2:0:0:0: [sr0] scsi3-mmc drive: 4x/4x cd/rw xa/form2 tray
[    1.100275] cdrom: Uniform CD-ROM driver Revision: 3.20
[    1.112807] sr 2:0:0:0: Attached scsi CD-ROM sr0
[    1.114342] sr 2:0:0:0: Attached scsi generic sg1 type 5
[    1.121478] Freeing initrd memory: 67140K
[    1.138224] Segment Routing with IPv6
[    1.139321] In-situ OAM (IOAM) with IPv6
[    1.141817] NET: Registered PF_PACKET protocol family
[    1.143584] Key type dns_resolver registered
[    1.146673] IPI shorthand broadcast: enabled
[    1.152450] sched_clock: Marking stable (1150007180, 1714440)->(1179639510, -27917890)
[    1.156965] registered taskstats version 1
[    1.160230] Loading compiled-in X.509 certificates
[    1.163475] Loaded X.509 cert 'Build time autogenerated kernel key: e0bedf6fa049a1e09bd65ebab3904f14cdd5bc68'
[    1.169141] Loaded X.509 cert 'Canonical Ltd. Live Patch Signing: 14df34d1a87cf37625abec039ef2bf521249b969'
[    1.173576] Loaded X.509 cert 'Canonical Ltd. Kernel Module Signing: 88f752e560a1e0737e31163a466ad7b70a850c19'
[    1.176356] blacklist: Loading compiled-in revocation X.509 certificates
[    1.177441] usb 1-1: new full-speed USB device number 2 using uhci_hcd
[    1.178956] Loaded X.509 cert 'Canonical Ltd. Secure Boot Signing: 61482aa2830d0ab2ad5af10b7250da9033ddcef0'
[    1.183044] Loaded X.509 cert 'Canonical Ltd. Secure Boot Signing (2017): 242ade75ac4a15e50d50c84b0d45ff3eae707a03'
[    1.187109] Loaded X.509 cert 'Canonical Ltd. Secure Boot Signing (ESM 2018): 365188c1d374d6b07c3c8f240f8ef722433d6a8b'
[    1.191054] Loaded X.509 cert 'Canonical Ltd. Secure Boot Signing (2019): c0746fd6c5da3ae827864651ad66ae47fe24b3e8'
[    1.193971] Loaded X.509 cert 'Canonical Ltd. Secure Boot Signing (2021 v1): a8d54bbb3825cfb94fa13c9f8a594a195c107b8d'
[    1.197935] Loaded X.509 cert 'Canonical Ltd. Secure Boot Signing (2021 v2): 4cf046892d6fd3c9a5b03f98d845f90851dc6a8c'
[    1.200826] Loaded X.509 cert 'Canonical Ltd. Secure Boot Signing (2021 v3): 100437bb6de6e469b581e61cd66bce3ef4ed53af'
[    1.203982] Loaded X.509 cert 'Canonical Ltd. Secure Boot Signing (Ubuntu Core 2019): c1d57b8f6b743f23ee41f4f7ee292f06eecadfb9'
[    1.213562] Key type .fscrypt registered
[    1.216764] Key type fscrypt-provisioning registered
[    1.237582] cryptd: max_cpu_qlen set to 1000
[    1.254141] SSE version of gcm_enc/dec engaged.
[    1.295772] Key type encrypted registered
[    1.298595] AppArmor: AppArmor sha256 policy hashing enabled
[    1.301208] ima: No TPM chip found, activating TPM-bypass!
[    1.302285] Loading compiled-in module X.509 certificates
[    1.303861] Loaded X.509 cert 'Build time autogenerated kernel key: e0bedf6fa049a1e09bd65ebab3904f14cdd5bc68'
[    1.307406] ima: Allocated hash algorithm: sha256
[    1.309910] ima: No architecture policies found
[    1.312883] evm: Initialising EVM extended attributes:
[    1.313924] evm: security.selinux
[    1.315378] evm: security.SMACK64
[    1.316338] evm: security.SMACK64EXEC
[    1.317250] evm: security.SMACK64TRANSMUTE
[    1.318236] evm: security.SMACK64MMAP
[    1.319115] evm: security.apparmor
[    1.319880] evm: security.ima
[    1.320626] evm: security.capability
[    1.321377] evm: HMAC attrs: 0x1
[    1.323123] PM:   Magic number: 2:655:472
[    1.324211] acpi LNXSYSTM:00: hash matches
[    1.326051] powernow_k8: Power state transitions not supported
[    1.326905] powernow_k8: Power state transitions not supported
[    1.335186] RAS: Correctable Errors collector initialized.
[    1.338151] clk: Disabling unused clocks
[    1.342166] Freeing unused decrypted memory: 2028K
[    1.346596] Freeing unused kernel image (initmem) memory: 4988K
[    1.349068] Write protecting the kernel read-only data: 38912k
[    1.351246] Freeing unused kernel image (rodata/data gap) memory: 2040K
[    1.359395] usb 1-1: New USB device found, idVendor=0627, idProduct=0001, bcdDevice= 0.00
[    1.360394] usb 1-1: New USB device strings: Mfr=1, Product=3, SerialNumber=10
[    1.361263] usb 1-1: Product: QEMU USB Tablet
[    1.361944] usb 1-1: Manufacturer: QEMU
[    1.362599] usb 1-1: SerialNumber: 28754-0000:00:01.2-1
[    1.389635] x86/mm: Checked W+X mappings: passed, no W+X pages found.
[    1.391270] Run /init as init process
[    1.392060]   with arguments:
[    1.392062]     /init
[    1.392064]   with environment:
[    1.392065]     HOME=/
[    1.392065]     TERM=linux
[    1.392067]     BOOT_IMAGE=/vmlinuz-6.8.0-55-generic
[    1.563870] virtio_net virtio2 ens18: renamed from eth0
[    1.572123] FDC 0 is a S82078B
[    1.575044] hid: raw HID events driver (C) Jiri Kosina
[    1.588070] usbcore: registered new interface driver usbhid
[    1.588706] usbhid: USB HID core driver
[    1.595685] input: VirtualPS/2 VMware VMMouse as /devices/platform/i8042/serio1/input/input4
[    1.598098] input: VirtualPS/2 VMware VMMouse as /devices/platform/i8042/serio1/input/input3
[    1.605883] Console: switching to colour dummy device 80x25
[    1.610944] bochs-drm 0000:00:02.0: vgaarb: deactivate vga console
[    1.611230] [drm] Found bochs VGA, ID 0xb0c5.
[    1.611235] [drm] Framebuffer size 16384 kB @ 0xfd000000, mmio @ 0xfea50000.
[    1.615153] input: QEMU QEMU USB Tablet as /devices/pci0000:00/0000:00:01.2/usb1/1-1/1-1:1.0/0003:0627:0001.0001/input/input5
[    1.615946] hid-generic 0003:0627:0001.0001: input,hidraw0: USB HID v0.01 Mouse [QEMU QEMU USB Tablet] on usb-0000:00:01.2-1/input0
[    1.617614] [drm] Found EDID data blob.
[    1.618900] [drm] Initialized bochs-drm 1.0.0 20130925 for 0000:00:02.0 on minor 0
[    1.620093] fbcon: bochs-drmdrmfb (fb0) is primary device
[    1.712950] Console: switching to colour frame buffer device 160x50
[    1.716038] bochs-drm 0000:00:02.0: [drm] fb0: bochs-drmdrmfb frame buffer device
[    2.016743] random: crng init done
[    2.256727] raid6: sse2x4   gen() 16691 MB/s
[    2.273724] raid6: sse2x2   gen()  4792 MB/s
[    2.290728] raid6: sse2x1   gen()  1212 MB/s
[    2.290745] raid6: using algorithm sse2x4 gen() 16691 MB/s
[    2.307729] raid6: .... xor() 3257 MB/s, rmw enabled
[    2.307753] raid6: using ssse3x2 recovery algorithm
[    2.308630] xor: measuring software checksum speed
[    2.308791]    prefetch64-sse  : 21878 MB/sec
[    2.308966]    generic_sse     : 19677 MB/sec
[    2.308976] xor: using function: prefetch64-sse (21878 MB/sec)
[    2.310041] async_tx: api initialized (async)
[    2.434843] Btrfs loaded, zoned=yes, fsverity=yes
[    2.613539] workqueue: drm_fb_helper_damage_work hogged CPU for >10000us 4 times, consider switching to WQ_UNBOUND
[    2.869888] EXT4-fs (dm-0): mounted filesystem 78dfc1ab-05ce-40b9-a2f8-2f3e03168145 ro with ordered data mode. Quota mode: none.
[    8.979524] systemd[1]: Inserted module 'autofs4'
[    8.991806] workqueue: drm_fb_helper_damage_work hogged CPU for >10000us 8 times, consider switching to WQ_UNBOUND
[   10.236652] systemd[1]: systemd 255.4-1ubuntu8.5 running in system mode (+PAM +AUDIT +SELINUX +APPARMOR +IMA +SMACK +SECCOMP +GCRYPT -GNUTLS +OPENSSL +ACL +BLKID +CURL +ELFUTILS +FIDO2 +IDN2 -IDN +IPTC +KMOD +LIBCRYPTSETUP +LIBFDISK +PCRE2 -PWQUALITY +P11KIT +QRENCODE +TPM2 +BZIP2 +LZ4 +XZ +ZLIB +ZSTD -BPF_FRAMEWORK -XKBCOMMON +UTMP +SYSVINIT default-hierarchy=unified)
[   10.238974] systemd[1]: Detected virtualization kvm.
[   10.239553] systemd[1]: Detected architecture x86-64.
[   10.345855] systemd[1]: No hostname configured, using default hostname.
[   10.346583] systemd[1]: Hostname set to <localhost>.
[   19.777022] systemd[1]: Queued start job for default target graphical.target.
[   20.000220] systemd[1]: Created slice system-modprobe.slice - Slice /system/modprobe.
[   20.004969] systemd[1]: Created slice system-systemd\x2dfsck.slice - Slice /system/systemd-fsck.
[   20.007372] systemd[1]: Created slice user.slice - User and Session Slice.
[   20.010877] systemd[1]: Started systemd-ask-password-wall.path - Forward Password Requests to Wall Directory Watch.
[   20.013444] systemd[1]: Set up automount proc-sys-fs-binfmt_misc.automount - Arbitrary Executable File Formats File System Automount Point.
[   20.016976] systemd[1]: Expecting device dev-disk-by\x2duuid-c3f8f018\x2df5f7\x2d4a5d\x2d92a1\x2d12ee87108672.device - /dev/disk/by-uuid/c3f8f018-f5f7-4a5d-92a1-12ee87108672...
[   20.022478] systemd[1]: Reached target integritysetup.target - Local Integrity Protected Volumes.
[   20.027094] systemd[1]: Reached target slices.target - Slice Units.
[   20.028307] systemd[1]: Reached target snapd.mounts-pre.target - Mounting snaps.
[   20.029669] systemd[1]: Reached target snapd.mounts.target - Mounted snaps.
[   20.031115] systemd[1]: Reached target veritysetup.target - Local Verity Protected Volumes.
[   20.032492] systemd[1]: Listening on dm-event.socket - Device-mapper event daemon FIFOs.
[   20.033922] systemd[1]: Listening on lvm2-lvmpolld.socket - LVM2 poll daemon socket.
[   20.035081] systemd[1]: Listening on multipathd.socket - multipathd control socket.
[   20.036796] systemd[1]: Listening on syslog.socket - Syslog Socket.
[   20.038018] systemd[1]: Listening on systemd-fsckd.socket - fsck to fsckd communication Socket.
[   20.039124] systemd[1]: Listening on systemd-initctl.socket - initctl Compatibility Named Pipe.
[   20.040290] systemd[1]: Listening on systemd-journald-dev-log.socket - Journal Socket (/dev/log).
[   20.041684] systemd[1]: Listening on systemd-journald.socket - Journal Socket.
[   20.043368] systemd[1]: Listening on systemd-networkd.socket - Network Service Netlink Socket.
[   20.044697] systemd[1]: systemd-pcrextend.socket - TPM2 PCR Extension (Varlink) was skipped because of an unmet condition check (ConditionSecurity=measured-uki).
[   20.049709] systemd[1]: Listening on systemd-udevd-control.socket - udev Control Socket.
[   20.052375] systemd[1]: Listening on systemd-udevd-kernel.socket - udev Kernel Socket.
[   20.116882] systemd[1]: Mounting dev-hugepages.mount - Huge Pages File System...
[   20.129943] systemd[1]: Mounting dev-mqueue.mount - POSIX Message Queue File System...
[   20.144910] systemd[1]: Mounting sys-kernel-debug.mount - Kernel Debug File System...
[   20.155894] systemd[1]: Mounting sys-kernel-tracing.mount - Kernel Trace File System...
[   20.170890] systemd[1]: Starting systemd-journald.service - Journal Service...
[   20.210918] systemd[1]: Starting keyboard-setup.service - Set the console keyboard layout...
[   20.228161] systemd[1]: Starting kmod-static-nodes.service - Create List of Static Device Nodes...
[   20.269003] systemd[1]: Starting lvm2-monitor.service - Monitoring of LVM2 mirrors, snapshots etc. using dmeventd or progress polling...
[   20.275169] systemd[1]: Starting modprobe@configfs.service - Load Kernel Module configfs...
[   20.280977] systemd[1]: Starting modprobe@dm_mod.service - Load Kernel Module dm_mod...
[   20.301592] systemd[1]: Starting modprobe@drm.service - Load Kernel Module drm...
[   20.316561] systemd[1]: Starting modprobe@efi_pstore.service - Load Kernel Module efi_pstore...
[   20.321571] systemd[1]: Starting modprobe@fuse.service - Load Kernel Module fuse...
[   20.343110] systemd[1]: Starting modprobe@loop.service - Load Kernel Module loop...
[   20.357118] systemd[1]: netplan-ovs-cleanup.service - OpenVSwitch configuration for cleanup was skipped because of an unmet condition check (ConditionFileIsExecutable=/usr/bin/ovs-vsctl).
[   20.363255] systemd[1]: systemd-fsck-root.service - File System Check on Root Device was skipped because of an unmet condition check (ConditionPathExists=!/run/initramfs/fsck-root).
[   20.440978] systemd[1]: Starting systemd-modules-load.service - Load Kernel Modules...
[   20.459038] systemd[1]: systemd-pcrmachine.service - TPM2 PCR Machine ID Measurement was skipped because of an unmet condition check (ConditionSecurity=measured-uki).
[   20.514736] systemd[1]: Starting systemd-remount-fs.service - Remount Root and Kernel File Systems...
[   20.525582] systemd[1]: systemd-tpm2-setup-early.service - TPM2 SRK Setup (Early) was skipped because of an unmet condition check (ConditionSecurity=measured-uki).
[   20.564000] systemd[1]: Starting systemd-udev-trigger.service - Coldplug All udev Devices...
[   20.583786] systemd[1]: Mounted dev-hugepages.mount - Huge Pages File System.
[   20.587885] systemd[1]: Mounted dev-mqueue.mount - POSIX Message Queue File System.
[   20.590475] systemd[1]: Mounted sys-kernel-debug.mount - Kernel Debug File System.
[   20.595457] systemd[1]: Mounted sys-kernel-tracing.mount - Kernel Trace File System.
[   20.607680] systemd[1]: Finished kmod-static-nodes.service - Create List of Static Device Nodes.
[   20.614261] systemd[1]: modprobe@configfs.service: Deactivated successfully.
[   20.617925] systemd[1]: Finished modprobe@configfs.service - Load Kernel Module configfs.
[   20.622298] systemd[1]: modprobe@dm_mod.service: Deactivated successfully.
[   20.624348] systemd[1]: Finished modprobe@dm_mod.service - Load Kernel Module dm_mod.
[   20.628863] systemd[1]: modprobe@drm.service: Deactivated successfully.
[   20.630966] systemd[1]: Finished modprobe@drm.service - Load Kernel Module drm.
[   20.635131] systemd[1]: modprobe@efi_pstore.service: Deactivated successfully.
[   20.642929] systemd-journald[307]: Collecting audit messages is disabled.
[   20.664009] systemd[1]: Finished modprobe@efi_pstore.service - Load Kernel Module efi_pstore.
[   20.696793] systemd[1]: modprobe@fuse.service: Deactivated successfully.
[   20.710818] systemd[1]: Finished modprobe@fuse.service - Load Kernel Module fuse.
[   20.722526] systemd[1]: modprobe@loop.service: Deactivated successfully.
[   20.731448] systemd[1]: Finished modprobe@loop.service - Load Kernel Module loop.
[   20.745920] systemd[1]: Mounting sys-fs-fuse-connections.mount - FUSE Control File System...
[   20.758838] systemd[1]: Mounting sys-kernel-config.mount - Kernel Configuration File System...
[   20.760193] systemd[1]: systemd-repart.service - Repartition Root Disk was skipped because no trigger condition checks were met.
[   20.772043] systemd[1]: Starting systemd-tmpfiles-setup-dev-early.service - Create Static Device Nodes in /dev gracefully...
[   20.791803] systemd[1]: Started systemd-journald.service - Journal Service.
[   20.937753] workqueue: drm_fb_helper_damage_work hogged CPU for >10000us 16 times, consider switching to WQ_UNBOUND
[   21.149028] EXT4-fs (dm-0): re-mounted 78dfc1ab-05ce-40b9-a2f8-2f3e03168145 r/w. Quota mode: none.
[   21.855452] Adding 3261436k swap on /swap.img.  Priority:-2 extents:7 across:5735424k 
[   21.869854] systemd-journald[307]: Received client request to flush runtime journal.
[   25.053625] systemd-journald[307]: /var/log/journal/560b026a44d3424ea490d29e1a7e2775/system.journal: Journal file uses a different sequence number ID, rotating.
[   25.053634] systemd-journald[307]: Rotating system journal.
[   28.129495] piix4_smbus 0000:00:01.3: SMBus Host Controller at 0x700, revision 0
[   29.003725] workqueue: drm_fb_helper_damage_work hogged CPU for >10000us 32 times, consider switching to WQ_UNBOUND
[   33.601494] EXT4-fs (sda2): mounted filesystem c3f8f018-f5f7-4a5d-92a1-12ee87108672 r/w with ordered data mode. Quota mode: none.
[   34.834874] cfg80211: Loading compiled-in X.509 certificates for regulatory database
[   34.835197] Loaded X.509 cert 'sforshee: 00b28ddf47aef9cea7'
[   34.835349] Loaded X.509 cert 'wens: 61c038651aabdcf94bd0ac7ff06c7248db18c600'
[   35.253271] audit: type=1400 audit(1773304067.817:2): apparmor="STATUS" operation="profile_load" profile="unconfined" name="Discord" pid=562 comm="apparmor_parser"
[   35.253276] audit: type=1400 audit(1773304067.817:3): apparmor="STATUS" operation="profile_load" profile="unconfined" name="1password" pid=561 comm="apparmor_parser"
[   35.497732] audit: type=1400 audit(1773304068.068:4): apparmor="STATUS" operation="profile_load" profile="unconfined" name="QtWebEngineProcess" pid=571 comm="apparmor_parser"
[   35.498004] audit: type=1400 audit(1773304068.069:5): apparmor="STATUS" operation="profile_load" profile="unconfined" name=4D6F6E676F444220436F6D70617373 pid=570 comm="apparmor_parser"
[   35.544840] audit: type=1400 audit(1773304068.116:6): apparmor="STATUS" operation="profile_load" profile="unconfined" name="brave" pid=573 comm="apparmor_parser"
[   35.550318] audit: type=1400 audit(1773304068.116:7): apparmor="STATUS" operation="profile_load" profile="unconfined" name="balena-etcher" pid=572 comm="apparmor_parser"
[   35.554950] audit: type=1400 audit(1773304068.126:8): apparmor="STATUS" operation="profile_load" profile="unconfined" name="buildah" pid=574 comm="apparmor_parser"
[   35.561631] audit: type=1400 audit(1773304068.128:9): apparmor="STATUS" operation="profile_load" profile="unconfined" name="busybox" pid=575 comm="apparmor_parser"
[   35.606816] audit: type=1400 audit(1773304068.177:10): apparmor="STATUS" operation="profile_load" profile="unconfined" name="ch-checkns" pid=577 comm="apparmor_parser"
[   35.607645] audit: type=1400 audit(1773304068.178:11): apparmor="STATUS" operation="profile_load" profile="unconfined" name="cam" pid=576 comm="apparmor_parser"
[   41.464957] workqueue: drm_fb_helper_damage_work hogged CPU for >10000us 64 times, consider switching to WQ_UNBOUND
[   42.036001] NET: Registered PF_QIPCRTR protocol family
[   46.586878] loop0: detected capacity change from 0 to 8
[   46.889418] kauditd_printk_skb: 110 callbacks suppressed
[   46.889422] audit: type=1400 audit(1773304079.460:122): apparmor="STATUS" operation="profile_replace" profile="unconfined" name="/usr/lib/snapd/snap-confine" pid=835 comm="apparmor_parser"
[   46.895573] audit: type=1400 audit(1773304079.465:123): apparmor="STATUS" operation="profile_replace" profile="unconfined" name="/usr/lib/snapd/snap-confine//mount-namespace-capture-helper" pid=835 comm="apparmor_parser"
[ 5647.922162] audit: type=1400 audit(1773309680.289:124): apparmor="DENIED" operation="mknod" class="file" profile="ubuntu_pro_esm_cache" name="/usr/lib/python3/dist-packages/uaclient/__pycache__/__init__.cpython-312.pyc.133252000386480" pid=1177 comm="python3" requested_mask="c" denied_mask="c" fsuid=0 ouid=0
[ 5647.922166] audit: type=1400 audit(1773309680.289:125): apparmor="DENIED" operation="mknod" class="file" profile="ubuntu_pro_apt_news" name="/usr/lib/python3/dist-packages/uaclient/__pycache__/__init__.cpython-312.pyc.130161952601904" pid=1176 comm="python3" requested_mask="c" denied_mask="c" fsuid=0 ouid=0
[ 5647.937775] audit: type=1400 audit(1773309680.305:126): apparmor="DENIED" operation="mknod" class="file" profile="ubuntu_pro_esm_cache" name="/usr/lib/python3/dist-packages/uaclient/__pycache__/log.cpython-312.pyc.133252001937680" pid=1177 comm="python3" requested_mask="c" denied_mask="c" fsuid=0 ouid=0
[ 5647.945328] audit: type=1400 audit(1773309680.312:127): apparmor="DENIED" operation="mknod" class="file" profile="ubuntu_pro_esm_cache" name="/usr/lib/python3/dist-packages/uaclient/__pycache__/defaults.cpython-312.pyc.133251999274928" pid=1177 comm="python3" requested_mask="c" denied_mask="c" fsuid=0 ouid=0
[ 5647.946357] audit: type=1400 audit(1773309680.313:128): apparmor="DENIED" operation="mknod" class="file" profile="ubuntu_pro_esm_cache" name="/usr/lib/python3/dist-packages/uaclient/__pycache__/secret_manager.cpython-312.pyc.133251999274928" pid=1177 comm="python3" requested_mask="c" denied_mask="c" fsuid=0 ouid=0
[ 5647.948158] audit: type=1400 audit(1773309680.315:129): apparmor="DENIED" operation="mknod" class="file" profile="ubuntu_pro_apt_news" name="/usr/lib/python3/dist-packages/uaclient/__pycache__/apt.cpython-312.pyc.130161952775552" pid=1176 comm="python3" requested_mask="c" denied_mask="c" fsuid=0 ouid=0
[ 5647.950417] audit: type=1400 audit(1773309680.318:130): apparmor="DENIED" operation="mknod" class="file" profile="ubuntu_pro_esm_cache" name="/usr/lib/python3/dist-packages/uaclient/__pycache__/system.cpython-312.pyc.133251999276976" pid=1177 comm="python3" requested_mask="c" denied_mask="c" fsuid=0 ouid=0
[ 5647.959913] audit: type=1400 audit(1773309680.327:131): apparmor="DENIED" operation="mknod" class="file" profile="ubuntu_pro_esm_cache" name="/usr/lib/python3/dist-packages/uaclient/__pycache__/exceptions.cpython-312.pyc.133251999739312" pid=1177 comm="python3" requested_mask="c" denied_mask="c" fsuid=0 ouid=0
[ 5647.980470] audit: type=1400 audit(1773309680.348:132): apparmor="DENIED" operation="mknod" class="file" profile="ubuntu_pro_apt_news" name="/usr/lib/python3/dist-packages/uaclient/__pycache__/event_logger.cpython-312.pyc.130161947793456" pid=1176 comm="python3" requested_mask="c" denied_mask="c" fsuid=0 ouid=0
[ 5647.982303] audit: type=1400 audit(1773309680.350:133): apparmor="DENIED" operation="mknod" class="file" profile="ubuntu_pro_apt_news" name="/usr/lib/python3/dist-packages/uaclient/__pycache__/yaml.cpython-312.pyc.130161937402032" pid=1176 comm="python3" requested_mask="c" denied_mask="c" fsuid=0 ouid=0
root@eltex-practice2-pg1-v1:~# echo '#!/bin/bash' > /usr/local/bin/run_dmesg.sh

root@eltex-practice2-pg1-v1:~# echo 'dmesg' >> /usr/local/bin/run_dmesg.sh

root@eltex-practice2-pg1-v1:~# chmod 755 /usr/local/bin/run_dmesg.sh

root@eltex-practice2-pg1-v1:~# gcc --vesirsion

Command 'gcc' not found, but can be installed with:
apt install gcc
root@eltex-practice2-pg1-v1:~# gcc --versionchmod 755 /usr/local/bin/run_dmesg.sh
echo 'dmesg' >> /usr/local/bin/run_dmesg.sh /usr/local/bin/run_dmesg.sh/usr/local/bin/run_dmesg.sh /usr/local/bin/run_dmesg.sh /usr/local/bin/run_dmesg.sh /usr/local/bin/run_dmesg.sh /usr/local/bin/run_dmesg.sh /usr/local/bin/run_dmesg.sh /usr/local/bin/run_dmesg.sh /usr/local/bin/run_dmesg.sh/usr/local/bin/run_dmesg.sh /usr/local/bin/run_dmesg.sh /usr/local/bin/run_dmesg.sh /usr/local/bin/run_dmesg.sh /usr/local/bin/run_dmesg.shn /usr/local/bin/run_dmesg.sha /usr/local/bin/run_dmesg.shn /usr/local/bin/run_dmesg.sho /usr/local/bin/run_dmesg.sh

[ Reading... ][ Read 2 lines ]  GNU nano 7.2               /usr/local/bin/run_dmesg.sh                        
^G Help^O Write Out ^W Where Is  ^K Cut^T Execute   ^C Location
^X Exit^R Read File ^\ Replace   ^U Paste     ^J Justify   ^/ Go To Line
#!/bin/bash
dmesg
*
/dmesg
/bdmesg
/bidmesg
/bindmesg/dmesgdmesg  
       M-D DOS Format      M-A Append          M-B Backup FileC Cancel           M-M Mac Format      M-P Prepend         ^T Browse
File Name to Write: /usr/local/bin/run_dmesg.sh                                  [ Writing... ] [ Wrote 2 lines ]^O Write Out ^W Where Is  ^K Cut       ^T Execute   ^C LocationX Exit      ^R Read File ^\ Replace   ^U Paste     ^J Justify   ^/ Go To Line       M-D DOS Format      M-A Append          M-B Backup FileC Cancel           M-M Mac Format      M-P Prepend         ^T Browse
File Name to Write: /usr/local/bin/run_dmesg.sh                                  [ Writing... ][ Wrote 2 lines ]^O Write Out ^W Where Is  ^K Cut       ^T Execute   ^C LocationX Exit      ^R Read File ^\ Replace   ^U Paste     ^J Justify   ^/ Go To Line

root@eltex-practice2-pg1-v1:~# sudo chown root:user2 /usr/local/bin/run_dmesg.sh 
h

root@eltex-practice2-pg1-v1:~# sudo chmod 4750 /usr/local/bin/run_dmesg.sh

root@eltex-practice2-pg1-v1:~# sudo chmod 4750 /usr/local/bin/run_dmesg.shown root:user2 /usr/local/bin/run_dmesg.sh 
nano

gcc --versionchmod 755 /usr/local/bin/run_dmesg.sh
echo 'dmesg' >>#!/bin/bash' 
su - user1 -c "sudo dmesg"echo "user1 ALL=(ALL) NOPASSWD: /usr/bin/dmesg" > /etc/sudoers.d/user1_dmesg
root@eltex-practice2-pg1-v1:~# su - user1 -c "sudo dmesg"

echo "user1 ALL=(ALL) NOPASSWD: /usr/bin/dmesg" > /etc/sudoers.d/user1_dmesg
root@eltex-practice2-pg1-v1:~# su - user1 -c "sudo dmesg"

2"""""""""""/usr/local/bin/run_dmesg.sh"

dmesg: read kernel buffer failed: Operation not permitted
root@eltex-practice2-pg1-v1:~# su - user2 -c "/usr/local/bin/run_dmesg.sh"
do chmod 4750 /usr/local/bin/run_dmesg.shown root:user2 /usr/local/bin/run_dmesg.sh 
nano

 /usr/local/bin/run_dmesg.sh /usr/local/bin/run_dmesg.sh /usr/local/bin/run_dmesg.sh /usr/local/bin/run_dmesg.sh /usr/local/bin/run_dmesg.sh /usr/local/bin/run_dmesg.sh /usr/local/bin/run_dmesg.sh- /usr/local/bin/run_dmesg.sh /usr/local/bin/run_dmesg.sh /usr/local/bin/run_dmesg.sh /usr/local/bin/run_dmesg.sh/usr/local/bin/run_dmesg.sh /usr/local/bin/run_dmesg.sh /usr/local/bin/run_dmesg.shl /usr/local/bin/run_dmesg.shs /usr/local/bin/run_dmesg.sh /usr/local/bin/run_dmesg.sh- /usr/local/bin/run_dmesg.shl /usr/local/bin/run_dmesg.sh

-rwsr-x--- 1 root user2 23 Mar 12 13:54 /usr/local/bin/run_dmesg.sh
root@eltex-practice2-pg1-v1:~#

=~=~=~=~=~=~=~=~=~=~=~= PuTTY log 2026.03.14 11:11:02 =~=~=~=~=~=~=~=~=~=~=~=
login as: eltex-pg1-v1
eltex-pg1-v1@217.71.138.1's password: 
Linux eltex-2026-spring 6.1.0-40-amd64 #1 SMP PREEMPT_DYNAMIC Debian 6.1.153-1 (2025-09-20) x86_64

The programs included with the Debian GNU/Linux system are free software;
the exact distribution terms for each program are described in the
individual files in /usr/share/doc/*/copyright.

Debian GNU/Linux comes with ABSOLUTELY NO WARRANTY, to the extent
permitted by applicable law.
Last login: Fri Mar 13 13:52:55 2026 from 5.137.16.98
eltex-pg1-v1@eltex-2026-spring-11:11> ssh root@172.16.9.175

Welcome to Ubuntu 24.04.2 LTS (GNU/Linux 6.8.0-55-generic x86_64)

 * Documentation:  https://help.ubuntu.com
 * Management:     https://landscape.canonical.com
 * Support:        https://ubuntu.com/pro

 System information as of Sat Mar 14 04:13:05 AM UTC 2026

  System load:  0.0                Processes:              112
  Usage of /:   41.2% of 14.66GB   Users logged in:        0
  Memory usage: 10%                IPv4 address for ens18: 172.16.9.175
  Swap usage:   0%

 * Strictly confined Kubernetes makes edge and IoT secure. Learn how MicroK8s
   just raised the bar for easy, resilient and secure K8s cluster deployment.

   https://ubuntu.com/engage/secure-kubernetes-at-the-edge

Expanded Security Maintenance for Applications is not enabled.

104 updates can be applied immediately.
17 of these updates are standard security updates.
To see these additional updates run: apt list --upgradable

Enable ESM Apps to receive additional future security updates.
See https://ubuntu.com/esm or run: sudo pro status


*** System restart required ***
Last login: Thu Mar 12 13:04:55 2026 from 172.16.8.4
root@eltex-practice2-pg1-v1:~#  ls /usr/local./bin

run_dmesg.sh
root@eltex-practice2-pg1-v1:~# ls /usr/local/bin/run_dmesg.sh /usr/local/bin/run_dmesg.sh /usr/local/bin/run_dmesg.shn /usr/local/bin/run_dmesg.sha /usr/local/bin/run_dmesg.shn /usr/local/bin/run_dmesg.sho /usr/local/bin/run_dmesg.sh

[ Reading... ][ Read 2 lines ]  GNU nano 7.2               /usr/local/bin/run_dmesg.sh                        
^G Help^O Write Out ^W Where Is  ^K Cut^T Execute   ^C Location
^X Exit^R Read File ^\ Replace   ^U Paste     ^J Justify   ^/ Go To Line
#!/bin/bash
/bin/dmesg

root@eltex-practice2-pg1-v1:~# sudo chown root:root /usr/local/bin/run_dmesg.sh

root@eltex-practice2-pg1-v1:~# chmod 4755 /usr/local/bin/run_dmesg.sh

root@eltex-practice2-pg1-v1:~# chmod 4755 /usr/local/bin/run_dmesg.sh
own root:root
nanols /usr/local/bin /usr/local/bin- /usr/local/binl /usr/local/bin

total 4
-rwsr-xr-x 1 root root 23 Mar 12 13:54 run_dmesg.sh
root@eltex-practice2-pg1-v1:~# ls -l /usr/local/binchmod 4755 /usr/local/bin/run_dmesg.sh
own root:root
nanols /usr/local/bin-l /usr/local/bin/run_dmesg.sh
su - user2 -c "/usr/local/bin/run_dmesg.sh"
do chmod 4750 /usr/local/bin/run_dmesg.shown root:user2 /usr/local/bin/run_dmesg.sh 
mod 4750


 - user2 -c "/usr/local/bin/run_dmesg.sh"b/usr/local/bin/run_dmesg.sh"a/usr/local/bin/run_dmesg.sh"s/usr/local/bin/run_dmesg.sh"h/usr/local/bin/run_dmesg.sh" /usr/local/bin/run_dmesg.sh"

dmesg: read kernel buffer failed: Operation not permitted
root@eltex-practice2-pg1-v1:~# su - user2 -c "bash /usr/local/bin/run_dmesg.sh"
chmod +x /usr/local/bin/run_dmesg.sh"

root@eltex-practice2-pg1-v1:~# chmod +x /usr/local/bin/run_dmesg.sh
su - user2 -c "bash /usr/local/bin/run_dmesg.sh"

dmesg: read kernel buffer failed: Operation not permitted
root@eltex-practice2-pg1-v1:~# su - user2 -c "bash /usr/local/bin/run_dmesg.sh"
chmod +x /usr/local/bin/run_dmesg.sh
su - user2 -c "bash /usr/local/bin/run_dmesg.sh"
ls -l /usr/local/bin

total 4
-rwsr-xr-x 1 root root 23 Mar 12 13:54 run_dmesg.sh
root@eltex-practice2-pg1-v1:~# chage -M 10 user1

root@eltex-practice2-pg1-v1:~# chage -M 10 user12

root@eltex-practice2-pg1-v1:~# chage -M 10 user23

root@eltex-practice2-pg1-v1:~# chage -l uder1er1ser1

Last password change: Mar 12, 2026
Password expires: Mar 22, 2026
Password inactive: never
Account expires: never
Minimum number of days between password change: 0
Maximum number of days between password change: 10
Number of days of warning before password expires: 7
root@eltex-practice2-pg1-v1:~# echo "export LANG=ru_RU.UTF8" >>~/.bashrc

root@eltex-practice2-pg1-v1:~# export LANG=ru_RU.UTF8

root@eltex-practice2-pg1-v1:~# nano /etc/motd

[ New File ]  GNU nano 7.2                        /etc/motd                                 
^G Help^O Write Out ^W Where Is  ^K Cut^T Execute   ^C Location
^X Exit^R Read File ^\ Replace   ^U Paste     ^J Justify   ^/ Go To Line

root@eltex-practice2-pg1-v1:~# echo " " > /etc/motdYj 

root@eltex-practice2-pg1-v1:~# rsync -av /etc/ /root/etc_backup/

sending incremental file list
created directory /root/etc_backup
./
.pwd.lock
.resolv.conf.systemd-resolved.bak
.updated
adduser.conf
bash.bashrc
bash_completion
bindresvport.blacklist
ca-certificates.conf
crontab
crypttab
debconf.conf
debian_version
deluser.conf
dhcpcd.conf
e2scrub.conf
environment
ethertypes
fstab
fuse.conf
gai.conf
group
group-
gshadow
gshadow-
hdparm.conf
host.conf
hosts
hosts.allow
hosts.deny
inputrc
issue
issue.net
ld.so.cache
ld.so.conf
legal
libaudit.conf
locale.alias
locale.conf
locale.gen
localtime -> /usr/share/zoneinfo/Etc/UTC
login.defs
logrotate.conf
lsb-release
machine-id
magic
magic.mime
manpath.config
mime.types
mke2fs.conf
modules
motd
mtab -> ../proc/self/mounts
multipath.conf
nanorc
netconfig
networks
nftables.conf
nsswitch.conf
os-release -> ../usr/lib/os-release
overlayroot.conf
pam.conf
passwd
passwd-
profile
protocols
resolv.conf -> ../run/systemd/resolve/stub-resolv.conf
rmt -> /usr/sbin/rmt
rpc
rsyslog.conf
screenrc
sensors3.conf
services
shadow
shadow-
shells
subgid
subgid-
subuid
subuid-
sudo.conf
sudo_logsrvd.conf
sudoers
sysctl.conf
timezone
ucf.conf
usb_modeswitch.conf
vconsole.conf -> default/keyboard
vtrgb -> /etc/alternatives/vtrgb
wgetrc
xattr.conf
zsh_command_not_found
ModemManager/
ModemManager/connection.d/
ModemManager/fcc-unlock.d/
PackageKit/
PackageKit/PackageKit.conf
PackageKit/Vendor.conf
UPower/
UPower/UPower.conf
X11/
X11/Xsession.d/
X11/Xsession.d/20dbus_xdg-runtime
X11/Xsession.d/90gpg-agent
X11/xkb/
alternatives/
alternatives/README
alternatives/arptables -> /usr/sbin/arptables-nft
alternatives/arptables-restore -> /usr/sbin/arptables-nft-restore
alternatives/arptables-save -> /usr/sbin/arptables-nft-save
alternatives/awk -> /usr/bin/gawk
alternatives/awk.1.gz -> /usr/share/man/man1/gawk.1.gz
alternatives/builtins.7.gz -> /usr/share/man/man7/bash-builtins.7.gz
alternatives/ebtables -> /usr/sbin/ebtables-nft
alternatives/ebtables-restore -> /usr/sbin/ebtables-nft-restore
alternatives/ebtables-save -> /usr/sbin/ebtables-nft-save
alternatives/editor -> /bin/nano
alternatives/editor.1.gz -> /usr/share/man/man1/nano.1.gz
alternatives/ex -> /usr/bin/vim.basic
alternatives/ex.1.gz -> /usr/share/man/man1/vim.1.gz
alternatives/ex.da.1.gz -> /usr/share/man/da/man1/vim.1.gz
alternatives/ex.de.1.gz -> /usr/share/man/de/man1/vim.1.gz
alternatives/ex.fr.1.gz -> /usr/share/man/fr/man1/vim.1.gz
alternatives/ex.it.1.gz -> /usr/share/man/it/man1/vim.1.gz
alternatives/ex.ja.1.gz -> /usr/share/man/ja/man1/vim.1.gz
alternatives/ex.pl.1.gz -> /usr/share/man/pl/man1/vim.1.gz
alternatives/ex.ru.1.gz -> /usr/share/man/ru/man1/vim.1.gz
alternatives/ex.tr.1.gz -> /usr/share/man/tr/man1/vim.1.gz
alternatives/ftp -> /usr/bin/tnftp
alternatives/ftp.1.gz -> /usr/share/man/man1/tnftp.1.gz
alternatives/infobrowser -> /usr/bin/info
alternatives/infobrowser.1.gz -> /usr/share/man/man1/info.1.gz
alternatives/ip6tables -> /usr/sbin/ip6tables-nft
alternatives/ip6tables-restore -> /usr/sbin/ip6tables-nft-restore
alternatives/ip6tables-save -> /usr/sbin/ip6tables-nft-save
alternatives/iptables -> /usr/sbin/iptables-nft
alternatives/iptables-restore -> /usr/sbin/iptables-nft-restore
alternatives/iptables-save -> /usr/sbin/iptables-nft-save
alternatives/jsondiff -> /usr/bin/json-patch-jsondiff
alternatives/lzcat -> /usr/bin/xzcat
alternatives/lzcat.1.gz -> /usr/share/man/man1/xzcat.1.gz
alternatives/lzcmp -> /usr/bin/xzcmp
alternatives/lzcmp.1.gz -> /usr/share/man/man1/xzcmp.1.gz
alternatives/lzdiff -> /usr/bin/xzdiff
alternatives/lzdiff.1.gz -> /usr/share/man/man1/xzdiff.1.gz
alternatives/lzegrep -> /usr/bin/xzegrep
alternatives/lzegrep.1.gz -> /usr/share/man/man1/xzegrep.1.gz
alternatives/lzfgrep -> /usr/bin/xzfgrep
alternatives/lzfgrep.1.gz -> /usr/share/man/man1/xzfgrep.1.gz
alternatives/lzgrep -> /usr/bin/xzgrep
alternatives/lzgrep.1.gz -> /usr/share/man/man1/xzgrep.1.gz
alternatives/lzless -> /usr/bin/xzless
alternatives/lzless.1.gz -> /usr/share/man/man1/xzless.1.gz
alternatives/lzma -> /usr/bin/xz
alternatives/lzma.1.gz -> /usr/share/man/man1/xz.1.gz
alternatives/lzmore -> /usr/bin/xzmore
alternatives/lzmore.1.gz -> /usr/share/man/man1/xzmore.1.gz
alternatives/mt -> /usr/bin/mt-gnu
alternatives/mt.1.gz -> /usr/share/man/man1/mt-gnu.1.gz
alternatives/nawk -> /usr/bin/gawk
alternatives/nawk.1.gz -> /usr/share/man/man1/gawk.1.gz
alternatives/nc -> /bin/nc.openbsd
alternatives/nc.1.gz -> /usr/share/man/man1/nc_openbsd.1.gz
alternatives/netcat -> /bin/nc.openbsd
alternatives/netcat.1.gz -> /usr/share/man/man1/nc_openbsd.1.gz
alternatives/newt-palette -> /etc/newt/palette.ubuntu
alternatives/pager -> /usr/bin/less
alternatives/pager.1.gz -> /usr/share/man/man1/less.1.gz
alternatives/pico -> /bin/nano
alternatives/pico.1.gz -> /usr/share/man/man1/nano.1.gz
alternatives/pinentry -> /usr/bin/pinentry-curses
alternatives/pinentry.1.gz -> /usr/share/man/man1/pinentry-curses.1.gz
alternatives/pybabel -> /usr/bin/pybabel-python3
alternatives/rmt -> /usr/sbin/rmt-tar
alternatives/rmt.8.gz -> /usr/share/man/man8/rmt-tar.8.gz
alternatives/rview -> /usr/bin/vim.basic
alternatives/rvim -> /usr/bin/vim.basic
alternatives/sar -> /usr/bin/sar.sysstat
alternatives/sar.1.gz -> /usr/share/man/man1/sar.sysstat.1.gz
alternatives/telnet -> /usr/bin/inetutils-telnet
alternatives/telnet.1.gz -> /usr/share/man/man1/inetutils-telnet.1.gz
alternatives/text.plymouth -> /usr/share/plymouth/themes/ubuntu-text/ubuntu-text.plymouth
alternatives/unlzma -> /usr/bin/unxz
alternatives/unlzma.1.gz -> /usr/share/man/man1/unxz.1.gz
alternatives/vi -> /usr/bin/vim.basic
alternatives/vi.1.gz -> /usr/share/man/man1/vim.1.gz
alternatives/vi.da.1.gz -> /usr/share/man/da/man1/vim.1.gz
alternatives/vi.de.1.gz -> /usr/share/man/de/man1/vim.1.gz
alternatives/vi.fr.1.gz -> /usr/share/man/fr/man1/vim.1.gz
alternatives/vi.it.1.gz -> /usr/share/man/it/man1/vim.1.gz
alternatives/vi.ja.1.gz -> /usr/share/man/ja/man1/vim.1.gz
alternatives/vi.pl.1.gz -> /usr/share/man/pl/man1/vim.1.gz
alternatives/vi.ru.1.gz -> /usr/share/man/ru/man1/vim.1.gz
alternatives/vi.tr.1.gz -> /usr/share/man/tr/man1/vim.1.gz
alternatives/view -> /usr/bin/vim.basic
alternatives/view.1.gz -> /usr/share/man/man1/vim.1.gz
alternatives/view.da.1.gz -> /usr/share/man/da/man1/vim.1.gz
alternatives/view.de.1.gz -> /usr/share/man/de/man1/vim.1.gz
alternatives/view.fr.1.gz -> /usr/share/man/fr/man1/vim.1.gz
alternatives/view.it.1.gz -> /usr/share/man/it/man1/vim.1.gz
alternatives/view.ja.1.gz -> /usr/share/man/ja/man1/vim.1.gz
alternatives/view.pl.1.gz -> /usr/share/man/pl/man1/vim.1.gz
alternatives/view.ru.1.gz -> /usr/share/man/ru/man1/vim.1.gz
alternatives/view.tr.1.gz -> /usr/share/man/tr/man1/vim.1.gz
alternatives/vim -> /usr/bin/vim.basic
alternatives/vimdiff -> /usr/bin/vim.basic
alternatives/vtrgb -> /etc/console-setup/vtrgb
alternatives/which -> /usr/bin/which.debianutils
alternatives/which.1.gz -> /usr/share/man/man1/which.debianutils.1.gz
alternatives/which.de1.gz -> /usr/share/man/de/man1/which.debianutils.1.gz
alternatives/which.es1.gz -> /usr/share/man/es/man1/which.debianutils.1.gz
alternatives/which.fr1.gz -> /usr/share/man/fr/man1/which.debianutils.1.gz
alternatives/which.it1.gz -> /usr/share/man/it/man1/which.debianutils.1.gz
alternatives/which.ja1.gz -> /usr/share/man/ja/man1/which.debianutils.1.gz
alternatives/which.pl1.gz -> /usr/share/man/pl/man1/which.debianutils.1.gz
alternatives/which.sl1.gz -> /usr/share/man/sl/man1/which.debianutils.1.gz
apparmor.d/
apparmor.d/1password
apparmor.d/Discord
apparmor.d/MongoDB_Compass
apparmor.d/QtWebEngineProcess
apparmor.d/balena-etcher
apparmor.d/brave
apparmor.d/buildah
apparmor.d/busybox
apparmor.d/cam
apparmor.d/ch-checkns
apparmor.d/ch-run
apparmor.d/chrome
apparmor.d/code
apparmor.d/crun
apparmor.d/devhelp
apparmor.d/element-desktop
apparmor.d/epiphany
apparmor.d/evolution
apparmor.d/firefox
apparmor.d/flatpak
apparmor.d/foliate
apparmor.d/geary
apparmor.d/github-desktop
apparmor.d/goldendict
apparmor.d/ipa_verify
apparmor.d/kchmviewer
apparmor.d/keybase
apparmor.d/lc-compliance
apparmor.d/libcamerify
apparmor.d/linux-sandbox
apparmor.d/loupe
apparmor.d/lsb_release
apparmor.d/lxc-attach
apparmor.d/lxc-create
apparmor.d/lxc-destroy
apparmor.d/lxc-execute
apparmor.d/lxc-stop
apparmor.d/lxc-unshare
apparmor.d/lxc-usernsexec
apparmor.d/mmdebstrap
apparmor.d/msedge
apparmor.d/nautilus
apparmor.d/notepadqq
apparmor.d/nvidia_modprobe
apparmor.d/obsidian
apparmor.d/opam
apparmor.d/opera
apparmor.d/pageedit
apparmor.d/plasmashell
apparmor.d/podman
apparmor.d/polypane
apparmor.d/privacybrowser
apparmor.d/qcam
apparmor.d/qmapshack
apparmor.d/qutebrowser
apparmor.d/rootlesskit
apparmor.d/rpm
apparmor.d/rssguard
apparmor.d/runc
apparmor.d/sbuild
apparmor.d/sbuild-abort
apparmor.d/sbuild-adduser
apparmor.d/sbuild-apt
apparmor.d/sbuild-checkpackages
apparmor.d/sbuild-clean
apparmor.d/sbuild-createchroot
apparmor.d/sbuild-destroychroot
apparmor.d/sbuild-distupgrade
apparmor.d/sbuild-hold
apparmor.d/sbuild-shell
apparmor.d/sbuild-unhold
apparmor.d/sbuild-update
apparmor.d/sbuild-upgrade
apparmor.d/scide
apparmor.d/signal-desktop
apparmor.d/slack
apparmor.d/slirp4netns
apparmor.d/steam
apparmor.d/stress-ng
apparmor.d/surfshark
apparmor.d/systemd-coredump
apparmor.d/thunderbird
apparmor.d/toybox
apparmor.d/transmission
apparmor.d/trinity
apparmor.d/tup
apparmor.d/tuxedo-control-center
apparmor.d/ubuntu_pro_apt_news
apparmor.d/ubuntu_pro_esm_cache
apparmor.d/unix-chkpwd
apparmor.d/unprivileged_userns
apparmor.d/userbindmount
apparmor.d/usr.bin.man
apparmor.d/usr.bin.tcpdump
apparmor.d/usr.lib.snapd.snap-confine.real
apparmor.d/usr.sbin.rsyslogd
apparmor.d/uwsgi-core
apparmor.d/vdens
apparmor.d/virtiofsd
apparmor.d/vivaldi-bin
apparmor.d/vpnns
apparmor.d/wike
apparmor.d/wpcom
apparmor.d/abi/
apparmor.d/abi/3.0
apparmor.d/abi/4.0
apparmor.d/abi/kernel-5.4-outoftree-network
apparmor.d/abi/kernel-5.4-vanilla
apparmor.d/abstractions/
apparmor.d/abstractions/X
apparmor.d/abstractions/apache2-common
apparmor.d/abstractions/aspell
apparmor.d/abstractions/audio
apparmor.d/abstractions/authentication
apparmor.d/abstractions/base
apparmor.d/abstractions/bash
apparmor.d/abstractions/consoles
apparmor.d/abstractions/crypto
apparmor.d/abstractions/cups-client
apparmor.d/abstractions/dbus
apparmor.d/abstractions/dbus-accessibility
apparmor.d/abstractions/dbus-accessibility-strict
apparmor.d/abstractions/dbus-network-manager-strict
apparmor.d/abstractions/dbus-session
apparmor.d/abstractions/dbus-session-strict
apparmor.d/abstractions/dbus-strict
apparmor.d/abstractions/dconf
apparmor.d/abstractions/dovecot-common
apparmor.d/abstractions/dri-common
apparmor.d/abstractions/dri-enumerate
apparmor.d/abstractions/enchant
apparmor.d/abstractions/exo-open
apparmor.d/abstractions/fcitx
apparmor.d/abstractions/fcitx-strict
apparmor.d/abstractions/fonts
apparmor.d/abstractions/freedesktop.org
apparmor.d/abstractions/gio-open
apparmor.d/abstractions/gnome
apparmor.d/abstractions/gnupg
apparmor.d/abstractions/groff
apparmor.d/abstractions/gtk
apparmor.d/abstractions/gvfs-open
apparmor.d/abstractions/hosts_access
apparmor.d/abstractions/ibus
apparmor.d/abstractions/kde
apparmor.d/abstractions/kde-globals-write
apparmor.d/abstractions/kde-icon-cache-write
apparmor.d/abstractions/kde-language-write
apparmor.d/abstractions/kde-open5
apparmor.d/abstractions/kerberosclient
apparmor.d/abstractions/ldapclient
apparmor.d/abstractions/libpam-systemd
apparmor.d/abstractions/likewise
apparmor.d/abstractions/mdns
apparmor.d/abstractions/mesa
apparmor.d/abstractions/mir
apparmor.d/abstractions/mozc
apparmor.d/abstractions/mysql
apparmor.d/abstractions/nameservice
apparmor.d/abstractions/nis
apparmor.d/abstractions/nss-systemd
apparmor.d/abstractions/nvidia
apparmor.d/abstractions/opencl
apparmor.d/abstractions/opencl-common
apparmor.d/abstractions/opencl-intel
apparmor.d/abstractions/opencl-mesa
apparmor.d/abstractions/opencl-nvidia
apparmor.d/abstractions/opencl-pocl
apparmor.d/abstractions/openssl
apparmor.d/abstractions/orbit2
apparmor.d/abstractions/p11-kit
apparmor.d/abstractions/perl
apparmor.d/abstractions/php
apparmor.d/abstractions/php-worker
apparmor.d/abstractions/php5
apparmor.d/abstractions/postfix-common
apparmor.d/abstractions/private-files
apparmor.d/abstractions/private-files-strict
apparmor.d/abstractions/python
apparmor.d/abstractions/qt5
apparmor.d/abstractions/qt5-compose-cache-write
apparmor.d/abstractions/qt5-settings-write
apparmor.d/abstractions/recent-documents-write
apparmor.d/abstractions/ruby
apparmor.d/abstractions/samba
apparmor.d/abstractions/samba-rpcd
apparmor.d/abstractions/smbpass
apparmor.d/abstractions/snap_browsers
apparmor.d/abstractions/ssl_certs
apparmor.d/abstractions/ssl_keys
apparmor.d/abstractions/svn-repositories
apparmor.d/abstractions/transmission-common
apparmor.d/abstractions/trash
apparmor.d/abstractions/ubuntu-bittorrent-clients
apparmor.d/abstractions/ubuntu-browsers
apparmor.d/abstractions/ubuntu-console-browsers
apparmor.d/abstractions/ubuntu-console-email
apparmor.d/abstractions/ubuntu-email
apparmor.d/abstractions/ubuntu-feed-readers
apparmor.d/abstractions/ubuntu-gnome-terminal
apparmor.d/abstractions/ubuntu-helpers
apparmor.d/abstractions/ubuntu-konsole
apparmor.d/abstractions/ubuntu-media-players
apparmor.d/abstractions/ubuntu-unity7-base
apparmor.d/abstractions/ubuntu-unity7-launcher
apparmor.d/abstractions/ubuntu-unity7-messaging
apparmor.d/abstractions/ubuntu-xterm
apparmor.d/abstractions/user-download
apparmor.d/abstractions/user-mail
apparmor.d/abstractions/user-manpages
apparmor.d/abstractions/user-tmp
apparmor.d/abstractions/user-write
apparmor.d/abstractions/video
apparmor.d/abstractions/vulkan
apparmor.d/abstractions/wayland
apparmor.d/abstractions/web-data
apparmor.d/abstractions/winbind
apparmor.d/abstractions/wutmp
apparmor.d/abstractions/xad
apparmor.d/abstractions/xdg-desktop
apparmor.d/abstractions/xdg-open
apparmor.d/abstractions/apparmor_api/
apparmor.d/abstractions/apparmor_api/change_profile
apparmor.d/abstractions/apparmor_api/examine
apparmor.d/abstractions/apparmor_api/find_mountpoint
apparmor.d/abstractions/apparmor_api/introspect
apparmor.d/abstractions/apparmor_api/is_enabled
apparmor.d/abstractions/ubuntu-browsers.d/
apparmor.d/abstractions/ubuntu-browsers.d/chromium-browser
apparmor.d/abstractions/ubuntu-browsers.d/java
apparmor.d/abstractions/ubuntu-browsers.d/kde
apparmor.d/abstractions/ubuntu-browsers.d/mailto
apparmor.d/abstractions/ubuntu-browsers.d/multimedia
apparmor.d/abstractions/ubuntu-browsers.d/plugins-common
apparmor.d/abstractions/ubuntu-browsers.d/productivity
apparmor.d/abstractions/ubuntu-browsers.d/text-editors
apparmor.d/abstractions/ubuntu-browsers.d/ubuntu-integration
apparmor.d/abstractions/ubuntu-browsers.d/ubuntu-integration-xul
apparmor.d/abstractions/ubuntu-browsers.d/user-files
apparmor.d/disable/
apparmor.d/force-complain/
apparmor.d/local/
apparmor.d/local/README
apparmor.d/local/lsb_release
apparmor.d/local/nvidia_modprobe
apparmor.d/local/ubuntu_pro_apt_news
apparmor.d/local/ubuntu_pro_esm_cache
apparmor.d/local/usr.bin.man
apparmor.d/local/usr.bin.tcpdump
apparmor.d/local/usr.lib.snapd.snap-confine.real
apparmor.d/local/usr.sbin.rsyslogd
apparmor.d/rsyslog.d/
apparmor.d/rsyslog.d/README
apparmor.d/tunables/
apparmor.d/tunables/alias
apparmor.d/tunables/apparmorfs
apparmor.d/tunables/dovecot
apparmor.d/tunables/etc
apparmor.d/tunables/global
apparmor.d/tunables/home
apparmor.d/tunables/kernelvars
apparmor.d/tunables/multiarch
apparmor.d/tunables/proc
apparmor.d/tunables/run
apparmor.d/tunables/securityfs
apparmor.d/tunables/share
apparmor.d/tunables/sys
apparmor.d/tunables/xdg-user-dirs
apparmor.d/tunables/home.d/
apparmor.d/tunables/home.d/site.local
apparmor.d/tunables/home.d/ubuntu
apparmor.d/tunables/multiarch.d/
apparmor.d/tunables/multiarch.d/site.local
apparmor.d/tunables/xdg-user-dirs.d/
apparmor.d/tunables/xdg-user-dirs.d/site.local
apparmor/
apparmor/parser.conf
apport/
apport/crashdb.conf
apport/report-ignore/
apport/report-ignore/README.denylist
apt/
apt/sources.list
apt/apt.conf.d/
apt/apt.conf.d/01-vendor-ubuntu
apt/apt.conf.d/01autoremove
apt/apt.conf.d/10periodic
apt/apt.conf.d/15update-stamp
apt/apt.conf.d/20apt-esm-hook.conf
apt/apt.conf.d/20archive
apt/apt.conf.d/20auto-upgrades
apt/apt.conf.d/20packagekit
apt/apt.conf.d/20snapd.conf
apt/apt.conf.d/50appstream
apt/apt.conf.d/50command-not-found
apt/apt.conf.d/50unattended-upgrades
apt/apt.conf.d/70debconf
apt/apt.conf.d/99needrestart
apt/apt.conf.d/99update-notifier
apt/auth.conf.d/
apt/keyrings/
apt/preferences.d.save/
apt/preferences.d.save/ubuntu-pro-esm-apps
apt/preferences.d.save/ubuntu-pro-esm-infra
apt/preferences.d/
apt/preferences.d/ubuntu-pro-esm-apps
apt/preferences.d/ubuntu-pro-esm-infra
apt/sources.list.d/
apt/sources.list.d/ubuntu.sources
apt/sources.list.d/ubuntu.sources.curtin.orig
apt/trusted.gpg.d/
apt/trusted.gpg.d/ubuntu-keyring-2012-cdimage.gpg
apt/trusted.gpg.d/ubuntu-keyring-2018-archive.gpg
bash_completion.d/
bash_completion.d/git-prompt
binfmt.d/
byobu/
byobu/backend
byobu/socketdir
ca-certificates/
ca-certificates/update.d/
cloud/
cloud/cloud-init.disabled
cloud/cloud.cfg
cloud/ds-identify.cfg
cloud/clean.d/
cloud/clean.d/99-installer
cloud/cloud.cfg.d/
cloud/cloud.cfg.d/05_logging.cfg
cloud/cloud.cfg.d/20-disable-cc-dpkg-grub.cfg
cloud/cloud.cfg.d/90-installer-network.cfg
cloud/cloud.cfg.d/90_dpkg.cfg
cloud/cloud.cfg.d/99-installer.cfg
cloud/cloud.cfg.d/README
cloud/cloud.cfg.d/curtin-preserve-sources.cfg
cloud/templates/
cloud/templates/chef_client.rb.tmpl
cloud/templates/chrony.conf.almalinux.tmpl
cloud/templates/chrony.conf.alpine.tmpl
cloud/templates/chrony.conf.centos.tmpl
cloud/templates/chrony.conf.cloudlinux.tmpl
cloud/templates/chrony.conf.cos.tmpl
cloud/templates/chrony.conf.debian.tmpl
cloud/templates/chrony.conf.fedora.tmpl
cloud/templates/chrony.conf.freebsd.tmpl
